#
# There is insufficient memory for the Java Runtime Environment to continue.
# Native memory allocation (mmap) failed to map 65536 bytes. Error detail: Failed to commit metaspace.
# Possible reasons:
#   The system is out of physical RAM or swap space
#   This process is running with CompressedOops enabled, and the Java Heap may be blocking the growth of the native heap
# Possible solutions:
#   Reduce memory load on the system
#   Increase physical memory or swap space
#   Check if swap backing store is full
#   Decrease Java heap size (-Xmx/-Xms)
#   Decrease number of Java threads
#   Decrease Java thread stack sizes (-Xss)
#   Set larger code cache with -XX:ReservedCodeCacheSize=
#   JVM is running with Unscaled Compressed Oops mode in which the Java heap is
#     placed in the first 4GB address space. The Java Heap base address is the
#     maximum limit for the native heap growth. Please use -XX:HeapBaseMinAddress
#     to set the Java Heap base and to place the Java Heap above 4GB virtual address.
# This output file may be truncated or incomplete.
#
#  Out of Memory Error (virtualSpaceNode.cpp:113), pid=1304, tid=10380
#
# JRE version: OpenJDK Runtime Environment Temurin-21.0.10+7 (21.0.10+7) (build 21.0.10+7-LTS)
# Java VM: OpenJDK 64-Bit Server VM Temurin-21.0.10+7 (21.0.10+7-LTS, mixed mode, sharing, tiered, compressed oops, compressed class ptrs, parallel gc, windows-amd64)
# No core dump will be written. Minidumps are not enabled by default on client versions of Windows
#

---------------  S U M M A R Y ------------

Command Line: --add-modules=ALL-SYSTEM --add-opens=java.base/java.util=ALL-UNNAMED --add-opens=java.base/java.lang=ALL-UNNAMED --add-opens=java.base/sun.nio.fs=ALL-UNNAMED -Declipse.application=org.eclipse.jdt.ls.core.id1 -Dosgi.bundles.defaultStartLevel=4 -Declipse.product=org.eclipse.jdt.ls.core.product -Djava.import.generatesMetadataFilesAtProjectRoot=false -DDetectVMInstallationsJob.disabled=true -Dfile.encoding=utf8 -XX:+UseParallelGC -XX:GCTimeRatio=4 -XX:AdaptiveSizePolicyWeight=90 -Dsun.zip.disableMemoryMapping=true -Xmx2G -Xms100m -Xlog:disable -javaagent:c:\Users\User\.vscode\extensions\redhat.java-1.53.0-win32-x64\lombok\lombok-1.18.39-4050.jar -XX:+HeapDumpOnOutOfMemoryError -XX:HeapDumpPath=c:\Users\User\AppData\Roaming\Code\User\workspaceStorage\fb235d71aa36e6436ab2d765a633e9e8\redhat.java -Daether.dependencyCollector.impl=bf c:\Users\User\.vscode\extensions\redhat.java-1.53.0-win32-x64\server\plugins\org.eclipse.equinox.launcher_1.7.100.v20251111-0406.jar -configuration c:\Users\User\AppData\Roaming\Code\User\globalStorage\redhat.java\1.53.0\config_win -data c:\Users\User\AppData\Roaming\Code\User\workspaceStorage\fb235d71aa36e6436ab2d765a633e9e8\redhat.java\jdt_ws --pipe=\\.\pipe\lsp-701d5e8f1d838a3636fbe7d6b23ca66e-sock

Host: 11th Gen Intel(R) Core(TM) i5-1135G7 @ 2.40GHz, 8 cores, 7G,  Windows 10 , 64 bit Build 19041 (10.0.19041.5915)
Time: Wed Apr  8 17:21:52 2026 Sri Lanka Standard Time elapsed time: 3.087746 seconds (0d 0h 0m 3s)

---------------  T H R E A D  ---------------

Current thread (0x0000017457dd0fe0):  JavaThread "Start Level: Equinox Container: cd5e700f-4b53-44f0-87c8-b66d8e5260cf" daemon [_thread_in_vm, id=10380, stack(0x000000247ea00000,0x000000247eb00000) (1024K)]

Stack: [0x000000247ea00000,0x000000247eb00000]
Native frames: (J=compiled Java code, j=interpreted, Vv=VM code, C=native code)
V  [jvm.dll+0x6d7a39]
V  [jvm.dll+0x8b4b26]
V  [jvm.dll+0x8b70de]
V  [jvm.dll+0x8b77c3]
V  [jvm.dll+0x284346]
V  [jvm.dll+0x8b086e]
V  [jvm.dll+0x679444]
V  [jvm.dll+0x6794aa]
V  [jvm.dll+0x67bca6]
V  [jvm.dll+0x67bb72]
V  [jvm.dll+0x679e1e]
V  [jvm.dll+0x281217]
V  [jvm.dll+0x72dd4f]
V  [jvm.dll+0x72e88f]
V  [jvm.dll+0x3cc641]
V  [jvm.dll+0x3cc4c8]
V  [jvm.dll+0x3cc4c8]
V  [jvm.dll+0x3cc4c8]
V  [jvm.dll+0x3cb417]
V  [jvm.dll+0x3cb3b8]
V  [jvm.dll+0x3dce7a]
C  0x00000174625a925f

The last pc belongs to new (printed below).
Java frames: (J=compiled Java code, j=interpreted, Vv=VM code)
j  com.sun.org.apache.xerces.internal.parsers.XML11Configuration.<init>(Lcom/sun/org/apache/xerces/internal/util/SymbolTable;Lcom/sun/org/apache/xerces/internal/xni/grammars/XMLGrammarPool;Lcom/sun/org/apache/xerces/internal/xni/parser/XMLComponentManager;)V+993 java.xml@21.0.10
j  com.sun.org.apache.xerces.internal.parsers.XIncludeAwareParserConfiguration.<init>(Lcom/sun/org/apache/xerces/internal/util/SymbolTable;Lcom/sun/org/apache/xerces/internal/xni/grammars/XMLGrammarPool;Lcom/sun/org/apache/xerces/internal/xni/parser/XMLComponentManager;)V+4 java.xml@21.0.10
j  com.sun.org.apache.xerces.internal.parsers.XIncludeAwareParserConfiguration.<init>()V+4 java.xml@21.0.10
j  com.sun.org.apache.xerces.internal.parsers.SAXParser.<init>(Lcom/sun/org/apache/xerces/internal/util/SymbolTable;Lcom/sun/org/apache/xerces/internal/xni/grammars/XMLGrammarPool;)V+5 java.xml@21.0.10
j  com.sun.org.apache.xerces.internal.parsers.SAXParser.<init>()V+3 java.xml@21.0.10
j  com.sun.org.apache.xerces.internal.jaxp.SAXParserImpl$JAXPSAXParser.<init>(Lcom/sun/org/apache/xerces/internal/jaxp/SAXParserImpl;Lcom/sun/org/apache/xerces/internal/utils/XMLSecurityPropertyManager;Lcom/sun/org/apache/xerces/internal/utils/XMLSecurityManager;)V+1 java.xml@21.0.10
j  com.sun.org.apache.xerces.internal.jaxp.SAXParserImpl.<init>(Lcom/sun/org/apache/xerces/internal/jaxp/SAXParserFactoryImpl;Ljava/util/Map;Z)V+46 java.xml@21.0.10
j  com.sun.org.apache.xerces.internal.jaxp.SAXParserFactoryImpl.newSAXParser()Ljavax/xml/parsers/SAXParser;+13 java.xml@21.0.10
j  org.apache.felix.scr.impl.BundleComponentActivator.loadDescriptor(Ljava/net/URL;)V+64
j  org.apache.felix.scr.impl.BundleComponentActivator.initialize(Ljava/util/List;)V+259
j  org.apache.felix.scr.impl.BundleComponentActivator.<init>(Lorg/apache/felix/scr/impl/logger/ScrLogger;Lorg/apache/felix/scr/impl/ComponentRegistry;Ljava/util/concurrent/ScheduledExecutorService;Lorg/osgi/framework/BundleContext;Lorg/apache/felix/scr/impl/manager/ScrConfiguration;Ljava/util/List;Lorg/osgi/framework/ServiceReference;)V+124
j  org.apache.felix.scr.impl.Activator.loadComponents(Lorg/osgi/framework/Bundle;)V+385
j  org.apache.felix.scr.impl.Activator.access$200(Lorg/apache/felix/scr/impl/Activator;Lorg/osgi/framework/Bundle;)V+2
j  org.apache.felix.scr.impl.Activator$ScrExtension.start()V+72
j  org.apache.felix.scr.impl.AbstractExtender.createExtension(Lorg/osgi/framework/Bundle;)V+71
j  org.apache.felix.scr.impl.AbstractExtender.modifiedBundle(Lorg/osgi/framework/Bundle;Lorg/osgi/framework/BundleEvent;Lorg/osgi/framework/Bundle;)V+115
j  org.apache.felix.scr.impl.AbstractExtender.addingBundle(Lorg/osgi/framework/Bundle;Lorg/osgi/framework/BundleEvent;)Lorg/osgi/framework/Bundle;+4
j  org.apache.felix.scr.impl.AbstractExtender.addingBundle(Lorg/osgi/framework/Bundle;Lorg/osgi/framework/BundleEvent;)Ljava/lang/Object;+3
j  org.osgi.util.tracker.BundleTracker$Tracked.customizerAdding(Lorg/osgi/framework/Bundle;Lorg/osgi/framework/BundleEvent;)Ljava/lang/Object;+9
j  org.osgi.util.tracker.BundleTracker$Tracked.customizerAdding(Ljava/lang/Object;Ljava/lang/Object;)Ljava/lang/Object;+9
j  org.osgi.util.tracker.AbstractTracked.trackAdding(Ljava/lang/Object;Ljava/lang/Object;)V+8
j  org.osgi.util.tracker.AbstractTracked.track(Ljava/lang/Object;Ljava/lang/Object;)V+83
j  org.osgi.util.tracker.BundleTracker$Tracked.bundleChanged(Lorg/osgi/framework/BundleEvent;)V+35
j  org.eclipse.osgi.internal.framework.BundleContextImpl.dispatchEvent(Ljava/lang/Object;Ljava/lang/Object;ILjava/lang/Object;)V+166
j  org.eclipse.osgi.framework.eventmgr.EventManager.dispatchEvent(Ljava/util/Set;Lorg/eclipse/osgi/framework/eventmgr/EventDispatcher;ILjava/lang/Object;)V+48
j  org.eclipse.osgi.framework.eventmgr.ListenerQueue.dispatchEventSynchronous(ILjava/lang/Object;)V+67
j  org.eclipse.osgi.internal.framework.EquinoxEventPublisher.publishBundleEventPrivileged(Lorg/osgi/framework/BundleEvent;)V+547
j  org.eclipse.osgi.internal.framework.EquinoxEventPublisher.publishBundleEvent(Lorg/osgi/framework/BundleEvent;)V+8
j  org.eclipse.osgi.internal.framework.EquinoxEventPublisher.publishBundleEvent(ILorg/osgi/framework/Bundle;Lorg/osgi/framework/Bundle;)V+15
j  org.eclipse.osgi.internal.framework.EquinoxContainerAdaptor.publishModuleEvent(Lorg/eclipse/osgi/container/ModuleContainerAdaptor$ModuleEvent;Lorg/eclipse/osgi/container/Module;Lorg/eclipse/osgi/container/Module;)V+29
j  org.eclipse.osgi.container.Module.publishEvent(Lorg/eclipse/osgi/container/ModuleContainerAdaptor$ModuleEvent;)V+13
j  org.eclipse.osgi.container.Module.start([Lorg/eclipse/osgi/container/Module$StartOptions;)V+588
j  org.eclipse.osgi.container.ModuleContainer$ContainerStartLevel$2.run()V+83
j  org.eclipse.osgi.internal.framework.EquinoxContainerAdaptor$1$1.execute(Ljava/lang/Runnable;)V+1
j  org.eclipse.osgi.container.ModuleContainer$ContainerStartLevel.incStartLevel(ILjava/util/List;Z)V+193
j  org.eclipse.osgi.container.ModuleContainer$ContainerStartLevel.incStartLevel(ILjava/util/List;Ljava/util/List;Ljava/util/List;Ljava/util/List;)V+4
j  org.eclipse.osgi.container.ModuleContainer$ContainerStartLevel.doContainerStartLevel(Lorg/eclipse/osgi/container/Module;I[Lorg/osgi/framework/FrameworkListener;)V+358
j  org.eclipse.osgi.container.ModuleContainer$ContainerStartLevel.dispatchEvent(Lorg/eclipse/osgi/container/Module;[Lorg/osgi/framework/FrameworkListener;ILjava/lang/Integer;)V+32
j  org.eclipse.osgi.container.ModuleContainer$ContainerStartLevel.dispatchEvent(Ljava/lang/Object;Ljava/lang/Object;ILjava/lang/Object;)V+15
j  org.eclipse.osgi.framework.eventmgr.EventManager.dispatchEvent(Ljava/util/Set;Lorg/eclipse/osgi/framework/eventmgr/EventDispatcher;ILjava/lang/Object;)V+48
j  org.eclipse.osgi.framework.eventmgr.EventManager$EventThread.run()V+26
v  ~StubRoutines::call_stub 0x00000174625910e7
new  187 new  [0x00000174625a90e0, 0x00000174625a92e8]  520 bytes
[MachCode]
  0x00000174625a90e0: 4883 ec08 | c5fa 1104 | 24eb 1f48 | 83ec 10c5 | fb11 0424 | eb14 4883 | ec10 4889 | 0424 48c7 
  0x00000174625a9100: 4424 0800 | 0000 00eb | 0150 410f | b755 010f | cac1 ea10 | 488b 4de8 | 488b 4908 | 488b 4908 
  0x00000174625a9120: 488b 4108 | 807c 1004 | 070f 85d3 | 0000 0066 | 8b54 d148 | 488b 4928 | 488b 4cd1 | 0851 80b9 
  0x00000174625a9140: 3101 0000 | 040f 85b6 | 0000 008b | 5108 f6c2 | 010f 85aa | 0000 0049 | 8b87 b801 | 0000 488d 
  0x00000174625a9160: 1c10 493b | 9fc8 0100 | 000f 8792 | 0000 0049 | 899f b801 | 0000 4883 | ea10 0f84 | 0f00 0000 
  0x00000174625a9180: 33c9 c1ea | 0348 894c | d008 48ff | ca75 f648 | c700 0100 | 0000 5933 | f689 700c | 49ba 0000 
  0x00000174625a91a0: 0000 7401 | 0000 492b | ca89 4808 | 49ba c75c | bbdf ff7f | 0000 4180 | 3a00 0f84 | 3c00 0000 
  0x00000174625a91c0: 5048 8bc8 | 4883 ec20 | 40f6 c40f | 0f84 1900 | 0000 4883 | ec08 48b8 | 90e1 64df | ff7f 0000 
  0x00000174625a91e0: ffd0 4883 | c408 e90c | 0000 0048 | b890 e164 | dfff 7f00 | 00ff d048 | 83c4 2058 | e9cb 0000 
  0x00000174625a9200: 0059 488b | 55e8 488b | 5208 488b | 5208 450f | b745 0141 | 0fc8 41c1 | e810 e805 | 0000 00e9 
  0x00000174625a9220: a800 0000 | 488d 4424 | 084c 896d | c049 8bcf | c5f8 7749 | 89af b003 | 0000 4989 | 87a0 0300 
  0x00000174625a9240: 0048 83ec | 2040 f6c4 | 0f0f 8419 | 0000 0048 | 83ec 0848 | b8f0 cd2e | dfff 7f00 | 00ff d048 
  0x00000174625a9260: 83c4 08e9 | 0c00 0000 | 48b8 f0cd | 2edf ff7f | 0000 ffd0 | 4883 c420 | 49c7 87a0 | 0300 0000 
  0x00000174625a9280: 0000 0049 | c787 b003 | 0000 0000 | 0000 49c7 | 87a8 0300 | 0000 0000 | 00c5 f877 | 4983 7f08 
  0x00000174625a92a0: 000f 8405 | 0000 00e9 | 547c feff | 498b 87f8 | 0300 0049 | c787 f803 | 0000 0000 | 0000 4c8b 
  0x00000174625a92c0: 6dc0 4c8b | 75c8 4e8d | 74f5 00c3 | 410f b65d | 0349 83c5 | 0349 ba10 | 25be dfff | 7f00 0041 
  0x00000174625a92e0: ff24 da0f | 1f44 0000 
[/MachCode]

---------------  P R O C E S S  ---------------

Threads class SMR info:
_java_thread_list=0x0000017470924470, length=18, elements={
0x0000017457e52b10, 0x0000017457dbe660, 0x0000017457dbff70, 0x0000017457dc0e90,
0x0000017457dc27a0, 0x0000017457dc76d0, 0x0000017457dd02c0, 0x0000017457dd5f30,
0x0000017457dede30, 0x0000017457dd0950, 0x0000017457dd30b0, 0x00000174706af4d0,
0x00000174706afb80, 0x0000017457dd2a20, 0x0000017457dd1670, 0x0000017457dcfc30,
0x0000017457dd0fe0, 0x0000017457dd1d00
}

Java Threads: ( => current thread )
  0x0000017457e52b10 JavaThread "main"                              [_thread_blocked, id=15628, stack(0x000000247d000000,0x000000247d100000) (1024K)]
  0x0000017457dbe660 JavaThread "Reference Handler"          daemon [_thread_blocked, id=11832, stack(0x000000247d400000,0x000000247d500000) (1024K)]
  0x0000017457dbff70 JavaThread "Finalizer"                  daemon [_thread_blocked, id=2036, stack(0x000000247d500000,0x000000247d600000) (1024K)]
  0x0000017457dc0e90 JavaThread "Signal Dispatcher"          daemon [_thread_blocked, id=15832, stack(0x000000247d600000,0x000000247d700000) (1024K)]
  0x0000017457dc27a0 JavaThread "Attach Listener"            daemon [_thread_blocked, id=12024, stack(0x000000247d700000,0x000000247d800000) (1024K)]
  0x0000017457dc76d0 JavaThread "Service Thread"             daemon [_thread_blocked, id=9148, stack(0x000000247d800000,0x000000247d900000) (1024K)]
  0x0000017457dd02c0 JavaThread "Monitor Deflation Thread"   daemon [_thread_blocked, id=2200, stack(0x000000247d900000,0x000000247da00000) (1024K)]
  0x0000017457dd5f30 JavaThread "C2 CompilerThread0"         daemon [_thread_blocked, id=6972, stack(0x000000247da00000,0x000000247db00000) (1024K)]
  0x0000017457dede30 JavaThread "C1 CompilerThread0"         daemon [_thread_blocked, id=10256, stack(0x000000247db00000,0x000000247dc00000) (1024K)]
  0x0000017457dd0950 JavaThread "Common-Cleaner"             daemon [_thread_blocked, id=15696, stack(0x000000247dc00000,0x000000247dd00000) (1024K)]
  0x0000017457dd30b0 JavaThread "Notification Thread"        daemon [_thread_blocked, id=2236, stack(0x000000247dd00000,0x000000247de00000) (1024K)]
  0x00000174706af4d0 JavaThread "C2 CompilerThread1"         daemon [_thread_blocked, id=10552, stack(0x000000247de00000,0x000000247df00000) (1024K)]
  0x00000174706afb80 JavaThread "C2 CompilerThread2"         daemon [_thread_blocked, id=15456, stack(0x000000247df00000,0x000000247e000000) (1024K)]
  0x0000017457dd2a20 JavaThread "Active Thread: Equinox Container: cd5e700f-4b53-44f0-87c8-b66d8e5260cf"        [_thread_blocked, id=11204, stack(0x000000247e600000,0x000000247e700000) (1024K)]
  0x0000017457dd1670 JavaThread "Refresh Thread: Equinox Container: cd5e700f-4b53-44f0-87c8-b66d8e5260cf" daemon [_thread_blocked, id=11588, stack(0x000000247e800000,0x000000247e900000) (1024K)]
  0x0000017457dcfc30 JavaThread "Framework Event Dispatcher: Equinox Container: cd5e700f-4b53-44f0-87c8-b66d8e5260cf" daemon [_thread_blocked, id=9300, stack(0x000000247e900000,0x000000247ea00000) (1024K)]
=>0x0000017457dd0fe0 JavaThread "Start Level: Equinox Container: cd5e700f-4b53-44f0-87c8-b66d8e5260cf" daemon [_thread_in_vm, id=10380, stack(0x000000247ea00000,0x000000247eb00000) (1024K)]
  0x0000017457dd1d00 JavaThread "Bundle File Closer"         daemon [_thread_blocked, id=2416, stack(0x000000247eb00000,0x000000247ec00000) (1024K)]
Total: 18

Other Threads:
  0x0000017457db2be0 VMThread "VM Thread"                           [id=16412, stack(0x000000247d300000,0x000000247d400000) (1024K)]
  0x0000017457ebe1e0 WatcherThread "VM Periodic Task Thread"        [id=11364, stack(0x000000247d200000,0x000000247d300000) (1024K)]
  0x0000017457e71b80 WorkerThread "GC Thread#0"                     [id=7088, stack(0x000000247d100000,0x000000247d200000) (1024K)]
  0x0000017470b81700 WorkerThread "GC Thread#1"                     [id=13556, stack(0x000000247e000000,0x000000247e100000) (1024K)]
  0x00000174751bb010 WorkerThread "GC Thread#2"                     [id=3644, stack(0x000000247e100000,0x000000247e200000) (1024K)]
  0x00000174751bb3c0 WorkerThread "GC Thread#3"                     [id=4120, stack(0x000000247e200000,0x000000247e300000) (1024K)]
  0x00000174751bb770 WorkerThread "GC Thread#4"                     [id=11312, stack(0x000000247e300000,0x000000247e400000) (1024K)]
  0x00000174709fc550 WorkerThread "GC Thread#5"                     [id=4564, stack(0x000000247e400000,0x000000247e500000) (1024K)]
  0x00000174709fc900 WorkerThread "GC Thread#6"                     [id=14684, stack(0x000000247e500000,0x000000247e600000) (1024K)]
  0x0000017470aa81c0 WorkerThread "GC Thread#7"                     [id=5236, stack(0x000000247e700000,0x000000247e800000) (1024K)]
Total: 10

Threads with active compile tasks:
Total: 0

VM state: not at safepoint (normal execution)

VM Mutex/Monitor currently owned by a thread:  ([mutex/lock_event])
[0x00007fffdfbcc4e0] Metaspace_lock - owner thread: 0x0000017457dd0fe0

OutOfMemory and StackOverflow Exception counts:
OutOfMemoryError java_heap_errors=1
LinkageErrors=32

Heap address: 0x0000000080000000, size: 2048 MB, Compressed Oops mode: 32-bit

CDS archive(s) mapped at: [0x0000017400000000-0x0000017400ba0000-0x0000017400ba0000), size 12189696, SharedBaseAddress: 0x0000017400000000, ArchiveRelocationMode: 1.
Compressed class space mapped at: 0x0000017401000000-0x0000017441000000, reserved size: 1073741824
Narrow klass base: 0x0000017400000000, Narrow klass shift: 0, Narrow klass range: 0x100000000

GC Precious Log:
 CardTable entry size: 512
 CPUs: 8 total, 8 available
 Memory: 7932M
 Large Page Support: Disabled
 NUMA Support: Disabled
 Compressed Oops: Enabled (32-bit)
 Alignments: Space 512K, Generation 512K, Heap 2M
 Heap Min Capacity: 100M
 Heap Initial Capacity: 100M
 Heap Max Capacity: 2G
 Pre-touch: Disabled
 Parallel Workers: 8

Heap:
 PSYoungGen      total 29696K, used 18690K [0x00000000d5580000, 0x00000000d7680000, 0x0000000100000000)
  eden space 25600K, 57% used [0x00000000d5580000,0x00000000d63c3ad8,0x00000000d6e80000)
  from space 4096K, 99% used [0x00000000d6e80000,0x00000000d727cf98,0x00000000d7280000)
  to   space 4096K, 0% used [0x00000000d7280000,0x00000000d7280000,0x00000000d7680000)
 ParOldGen       total 68608K, used 5405K [0x0000000080000000, 0x0000000084300000, 0x00000000d5580000)
  object space 68608K, 7% used [0x0000000080000000,0x0000000080547590,0x0000000084300000)
 Metaspace       used 10678K, committed 11008K, reserved 1114112K
  class space    used 1130K, committed 1280K, reserved 1048576K

Card table byte_map: [0x0000017457800000,0x0000017457c10000] _byte_map_base: 0x0000017457400000

Marking Bits: (ParMarkBitMap*) 0x00007fffdfbd3450
 Begin Bits: [0x000001746a310000, 0x000001746c310000)
 End Bits:   [0x000001746c310000, 0x000001746e310000)

Polling page: 0x0000017455ce0000

Metaspace:

Usage:
  Non-class:      9.32 MB used.
      Class:      1.10 MB used.
       Both:     10.43 MB used.

Virtual space:
  Non-class space:       64.00 MB reserved,       9.50 MB ( 15%) committed,  1 nodes.
      Class space:        1.00 GB reserved,       1.25 MB ( <1%) committed,  1 nodes.
             Both:        1.06 GB reserved,      10.75 MB ( <1%) committed. 

Chunk freelists:
   Non-Class:  6.34 MB
       Class:  14.69 MB
        Both:  21.03 MB

MaxMetaspaceSize: unlimited
CompressedClassSpaceSize: 1.00 GB
Initial GC threshold: 21.00 MB
Current GC threshold: 21.00 MB
CDS: on
 - commit_granule_bytes: 65536.
 - commit_granule_words: 8192.
 - virtual_space_node_default_size: 8388608.
 - enlarge_chunks_in_place: 1.
 - use_allocation_guard: 0.


Internal statistics:

num_allocs_failed_limit: 0.
num_arena_births: 270.
num_arena_deaths: 0.
num_vsnodes_births: 2.
num_vsnodes_deaths: 0.
num_space_committed: 172.
num_space_uncommitted: 0.
num_chunks_returned_to_freelist: 0.
num_chunks_taken_from_freelist: 562.
num_chunk_merges: 0.
num_chunk_splits: 354.
num_chunks_enlarged: 231.
num_inconsistent_stats: 0.

CodeHeap 'non-profiled nmethods': size=120000Kb used=1131Kb max_used=1131Kb free=118868Kb
 bounds [0x0000017462b30000, 0x0000017462da0000, 0x000001746a060000]
CodeHeap 'profiled nmethods': size=120000Kb used=4656Kb max_used=4656Kb free=115344Kb
 bounds [0x000001745b060000, 0x000001745b4f0000, 0x0000017462590000]
CodeHeap 'non-nmethods': size=5760Kb used=1242Kb max_used=1274Kb free=4517Kb
 bounds [0x0000017462590000, 0x0000017462800000, 0x0000017462b30000]
CodeCache: size=245760Kb, used=7029Kb, max_used=7061Kb, free=238729Kb
 total_blobs=2948, nmethods=2449, adapters=405, full_count=0
Compilation: enabled, stopped_count=0, restarted_count=0

Compilation events (20 events):
Event: 3.062 Thread 0x0000017457dede30 2443       3       org.eclipse.osgi.framework.eventmgr.CopyOnWriteIdentityMap$Snapshot$EntryIterator::next (5 bytes)
Event: 3.062 Thread 0x0000017457dede30 nmethod 2443 0x000001745b4e7a90 code [0x000001745b4e7c40, 0x000001745b4e7d78]
Event: 3.062 Thread 0x0000017457dede30 2444       3       org.eclipse.osgi.framework.eventmgr.CopyOnWriteIdentityMap$Snapshot$SnapshotIterator::nextEntry (58 bytes)
Event: 3.062 Thread 0x0000017457dede30 nmethod 2444 0x000001745b4e7e10 code [0x000001745b4e7fe0, 0x000001745b4e8358]
Event: 3.062 Thread 0x0000017457dede30 2418       1       org.eclipse.osgi.internal.weaving.WovenClassImpl::setState (6 bytes)
Event: 3.062 Thread 0x0000017457dede30 nmethod 2418 0x0000017462c4a210 code [0x0000017462c4a3a0, 0x0000017462c4a468]
Event: 3.063 Thread 0x00000174706afb80 2445   !   4       org.eclipse.osgi.storage.BundleInfo$Generation::getRevision (17 bytes)
Event: 3.064 Thread 0x00000174706afb80 nmethod 2445 0x0000017462c4a510 code [0x0000017462c4a6a0, 0x0000017462c4a8a0]
Event: 3.066 Thread 0x0000017457dede30 2446   !   3       java.lang.invoke.MethodHandleNatives::linkMethodHandleConstant (50 bytes)
Event: 3.066 Thread 0x0000017457dede30 nmethod 2446 0x000001745b4e8510 code [0x000001745b4e86e0, 0x000001745b4e88e8]
Event: 3.066 Thread 0x0000017457dede30 2447       3       java.lang.invoke.MethodHandles$Lookup::linkMethodHandleConstant (223 bytes)
Event: 3.068 Thread 0x0000017457dede30 nmethod 2447 0x000001745b4e8a90 code [0x000001745b4e8e80, 0x000001745b4ea618]
Event: 3.068 Thread 0x0000017457dede30 2448       3       java.security.AccessController::executePrivileged (65 bytes)
Event: 3.068 Thread 0x0000017457dede30 nmethod 2448 0x000001745b4ead90 code [0x000001745b4eaf60, 0x000001745b4eb260]
Event: 3.068 Thread 0x00000174706afb80 2449       4       java.lang.ref.Reference::refersToImpl (6 bytes)
Event: 3.069 Thread 0x00000174706afb80 nmethod 2449 0x0000017462c4a990 code [0x0000017462c4ab20, 0x0000017462c4abb8]
Event: 3.069 Thread 0x0000017457dede30 2450       3       java.lang.invoke.DirectMethodHandle::make (21 bytes)
Event: 3.070 Thread 0x0000017457dede30 nmethod 2450 0x000001745b4eb390 code [0x000001745b4eb560, 0x000001745b4eb848]
Event: 3.073 Thread 0x0000017457dede30 2451       3       java.security.AccessController::doPrivileged (9 bytes)
Event: 3.073 Thread 0x0000017457dede30 nmethod 2451 0x000001745b4eb990 code [0x000001745b4ebb60, 0x000001745b4ebe98]

GC Heap History (6 events):
Event: 1.154 GC heap before
{Heap before GC invocations=1 (full 0):
 PSYoungGen      total 29696K, used 25600K [0x00000000d5580000, 0x00000000d7680000, 0x0000000100000000)
  eden space 25600K, 100% used [0x00000000d5580000,0x00000000d6e80000,0x00000000d6e80000)
  from space 4096K, 0% used [0x00000000d7280000,0x00000000d7280000,0x00000000d7680000)
  to   space 4096K, 0% used [0x00000000d6e80000,0x00000000d6e80000,0x00000000d7280000)
 ParOldGen       total 68608K, used 0K [0x0000000080000000, 0x0000000084300000, 0x00000000d5580000)
  object space 68608K, 0% used [0x0000000080000000,0x0000000080000000,0x0000000084300000)
 Metaspace       used 4364K, committed 4608K, reserved 1114112K
  class space    used 474K, committed 576K, reserved 1048576K
}
Event: 1.163 GC heap after
{Heap after GC invocations=1 (full 0):
 PSYoungGen      total 29696K, used 3271K [0x00000000d5580000, 0x00000000d7680000, 0x0000000100000000)
  eden space 25600K, 0% used [0x00000000d5580000,0x00000000d5580000,0x00000000d6e80000)
  from space 4096K, 79% used [0x00000000d6e80000,0x00000000d71b1e98,0x00000000d7280000)
  to   space 4096K, 0% used [0x00000000d7280000,0x00000000d7280000,0x00000000d7680000)
 ParOldGen       total 68608K, used 16K [0x0000000080000000, 0x0000000084300000, 0x00000000d5580000)
  object space 68608K, 0% used [0x0000000080000000,0x0000000080004000,0x0000000084300000)
 Metaspace       used 4364K, committed 4608K, reserved 1114112K
  class space    used 474K, committed 576K, reserved 1048576K
}
Event: 2.313 GC heap before
{Heap before GC invocations=2 (full 0):
 PSYoungGen      total 29696K, used 28871K [0x00000000d5580000, 0x00000000d7680000, 0x0000000100000000)
  eden space 25600K, 100% used [0x00000000d5580000,0x00000000d6e80000,0x00000000d6e80000)
  from space 4096K, 79% used [0x00000000d6e80000,0x00000000d71b1e98,0x00000000d7280000)
  to   space 4096K, 0% used [0x00000000d7280000,0x00000000d7280000,0x00000000d7680000)
 ParOldGen       total 68608K, used 16K [0x0000000080000000, 0x0000000084300000, 0x00000000d5580000)
  object space 68608K, 0% used [0x0000000080000000,0x0000000080004000,0x0000000084300000)
 Metaspace       used 8004K, committed 8256K, reserved 1114112K
  class space    used 831K, committed 960K, reserved 1048576K
}
Event: 2.319 GC heap after
{Heap after GC invocations=2 (full 0):
 PSYoungGen      total 29696K, used 4070K [0x00000000d5580000, 0x00000000d7680000, 0x0000000100000000)
  eden space 25600K, 0% used [0x00000000d5580000,0x00000000d5580000,0x00000000d6e80000)
  from space 4096K, 99% used [0x00000000d7280000,0x00000000d7679800,0x00000000d7680000)
  to   space 4096K, 0% used [0x00000000d6e80000,0x00000000d6e80000,0x00000000d7280000)
 ParOldGen       total 68608K, used 2057K [0x0000000080000000, 0x0000000084300000, 0x00000000d5580000)
  object space 68608K, 2% used [0x0000000080000000,0x0000000080202638,0x0000000084300000)
 Metaspace       used 8004K, committed 8256K, reserved 1114112K
  class space    used 831K, committed 960K, reserved 1048576K
}
Event: 2.832 GC heap before
{Heap before GC invocations=3 (full 0):
 PSYoungGen      total 29696K, used 29670K [0x00000000d5580000, 0x00000000d7680000, 0x0000000100000000)
  eden space 25600K, 100% used [0x00000000d5580000,0x00000000d6e80000,0x00000000d6e80000)
  from space 4096K, 99% used [0x00000000d7280000,0x00000000d7679800,0x00000000d7680000)
  to   space 4096K, 0% used [0x00000000d6e80000,0x00000000d6e80000,0x00000000d7280000)
 ParOldGen       total 68608K, used 2057K [0x0000000080000000, 0x0000000084300000, 0x00000000d5580000)
  object space 68608K, 2% used [0x0000000080000000,0x0000000080202638,0x0000000084300000)
 Metaspace       used 9428K, committed 9728K, reserved 1114112K
  class space    used 1005K, committed 1152K, reserved 1048576K
}
Event: 2.840 GC heap after
{Heap after GC invocations=3 (full 0):
 PSYoungGen      total 29696K, used 4083K [0x00000000d5580000, 0x00000000d7680000, 0x0000000100000000)
  eden space 25600K, 0% used [0x00000000d5580000,0x00000000d5580000,0x00000000d6e80000)
  from space 4096K, 99% used [0x00000000d6e80000,0x00000000d727cf98,0x00000000d7280000)
  to   space 4096K, 0% used [0x00000000d7280000,0x00000000d7280000,0x00000000d7680000)
 ParOldGen       total 68608K, used 5405K [0x0000000080000000, 0x0000000084300000, 0x00000000d5580000)
  object space 68608K, 7% used [0x0000000080000000,0x0000000080547590,0x0000000084300000)
 Metaspace       used 9428K, committed 9728K, reserved 1114112K
  class space    used 1005K, committed 1152K, reserved 1048576K
}

Dll operation events (9 events):
Event: 0.007 Loaded shared library c:\Users\User\.vscode\extensions\redhat.java-1.53.0-win32-x64\jre\21.0.10-win32-x86_64\bin\java.dll
Event: 0.087 Loaded shared library c:\Users\User\.vscode\extensions\redhat.java-1.53.0-win32-x64\jre\21.0.10-win32-x86_64\bin\zip.dll
Event: 0.110 Loaded shared library C:\Users\User\.vscode\extensions\redhat.java-1.53.0-win32-x64\jre\21.0.10-win32-x86_64\bin\instrument.dll
Event: 0.115 Loaded shared library C:\Users\User\.vscode\extensions\redhat.java-1.53.0-win32-x64\jre\21.0.10-win32-x86_64\bin\net.dll
Event: 0.116 Loaded shared library C:\Users\User\.vscode\extensions\redhat.java-1.53.0-win32-x64\jre\21.0.10-win32-x86_64\bin\nio.dll
Event: 0.119 Loaded shared library C:\Users\User\.vscode\extensions\redhat.java-1.53.0-win32-x64\jre\21.0.10-win32-x86_64\bin\zip.dll
Event: 0.143 Loaded shared library C:\Users\User\.vscode\extensions\redhat.java-1.53.0-win32-x64\jre\21.0.10-win32-x86_64\bin\jimage.dll
Event: 0.236 Loaded shared library c:\Users\User\.vscode\extensions\redhat.java-1.53.0-win32-x64\jre\21.0.10-win32-x86_64\bin\verify.dll
Event: 2.338 Loaded shared library C:\Users\User\AppData\Roaming\Code\User\globalStorage\redhat.java\1.53.0\config_win\org.eclipse.equinox.launcher\org.eclipse.equinox.launcher.win32.win32.x86_64_1.3.0.v20260203-2149\eclipse_11919.dll

Deoptimization events (20 events):
Event: 2.911 Thread 0x0000017457dd0fe0 DEOPT PACKING pc=0x000001745b47a149 sp=0x000000247eafd4d0
Event: 2.911 Thread 0x0000017457dd0fe0 DEOPT UNPACKING pc=0x00000174625e78e2 sp=0x000000247eafc940 mode 0
Event: 2.916 Thread 0x0000017457dd0fe0 DEOPT PACKING pc=0x000001745b47a149 sp=0x000000247eafd460
Event: 2.916 Thread 0x0000017457dd0fe0 DEOPT UNPACKING pc=0x00000174625e78e2 sp=0x000000247eafc8d0 mode 0
Event: 2.919 Thread 0x0000017457dd0fe0 DEOPT PACKING pc=0x000001745b47a149 sp=0x000000247eafd460
Event: 2.919 Thread 0x0000017457dd0fe0 DEOPT UNPACKING pc=0x00000174625e78e2 sp=0x000000247eafc8d0 mode 0
Event: 2.931 Thread 0x0000017457dd0fe0 Uncommon trap: trap_request=0xffffff45 fr.pc=0x0000017462ba6b98 relative=0x00000000000001d8
Event: 2.931 Thread 0x0000017457dd0fe0 Uncommon trap: reason=unstable_if action=reinterpret pc=0x0000017462ba6b98 method=java.lang.String.startsWith(Ljava/lang/String;I)Z @ 50 c2
Event: 2.931 Thread 0x0000017457dd0fe0 DEOPT PACKING pc=0x0000017462ba6b98 sp=0x000000247eafe570
Event: 2.931 Thread 0x0000017457dd0fe0 DEOPT UNPACKING pc=0x00000174625e6da2 sp=0x000000247eafe4a0 mode 2
Event: 2.932 Thread 0x0000017457dd0fe0 DEOPT PACKING pc=0x000001745b47a149 sp=0x000000247eafdef0
Event: 2.932 Thread 0x0000017457dd0fe0 DEOPT UNPACKING pc=0x00000174625e78e2 sp=0x000000247eafd360 mode 0
Event: 2.988 Thread 0x0000017457dd0fe0 Uncommon trap: trap_request=0xffffff45 fr.pc=0x0000017462c35008 relative=0x00000000000012e8
Event: 2.988 Thread 0x0000017457dd0fe0 Uncommon trap: reason=unstable_if action=reinterpret pc=0x0000017462c35008 method=java.util.Properties.loadConvert([CIILjava/lang/StringBuilder;)Ljava/lang/String; @ 491 c2
Event: 2.988 Thread 0x0000017457dd0fe0 DEOPT PACKING pc=0x0000017462c35008 sp=0x000000247eafe010
Event: 2.988 Thread 0x0000017457dd0fe0 DEOPT UNPACKING pc=0x00000174625e6da2 sp=0x000000247eafe000 mode 2
Event: 3.036 Thread 0x0000017457dcfc30 DEOPT PACKING pc=0x000001745b44a8d6 sp=0x000000247e9fd960
Event: 3.036 Thread 0x0000017457dcfc30 DEOPT UNPACKING pc=0x00000174625e78e2 sp=0x000000247e9fce70 mode 0
Event: 3.044 Thread 0x0000017457dcfc30 DEOPT PACKING pc=0x000001745b44a8b5 sp=0x000000247e9fd9a0
Event: 3.044 Thread 0x0000017457dcfc30 DEOPT UNPACKING pc=0x00000174625e78e2 sp=0x000000247e9fceb0 mode 0

Classes loaded (20 events):
Event: 3.083 Loading class java/io/EOFException done
Event: 3.083 Loading class com/sun/org/apache/xerces/internal/impl/XMLEntityScanner$1 done
Event: 3.083 Loading class com/sun/org/apache/xerces/internal/impl/XMLErrorReporter
Event: 3.084 Loading class com/sun/org/apache/xerces/internal/impl/XMLErrorReporter done
Event: 3.084 Loading class com/sun/org/apache/xerces/internal/impl/XMLNSDocumentScannerImpl
Event: 3.084 Loading class com/sun/org/apache/xerces/internal/impl/XMLDocumentScannerImpl
Event: 3.084 Loading class com/sun/org/apache/xerces/internal/impl/XMLDocumentFragmentScannerImpl
Event: 3.085 Loading class com/sun/org/apache/xerces/internal/xni/parser/XMLDocumentScanner
Event: 3.085 Loading class com/sun/org/apache/xerces/internal/xni/parser/XMLDocumentSource
Event: 3.085 Loading class com/sun/org/apache/xerces/internal/xni/parser/XMLDocumentSource done
Event: 3.085 Loading class com/sun/org/apache/xerces/internal/xni/parser/XMLDocumentScanner done
Event: 3.085 Loading class com/sun/org/apache/xerces/internal/impl/XMLEntityHandler
Event: 3.085 Loading class com/sun/org/apache/xerces/internal/impl/XMLEntityHandler done
Event: 3.085 Loading class com/sun/xml/internal/stream/XMLBufferListener
Event: 3.085 Loading class com/sun/xml/internal/stream/XMLBufferListener done
Event: 3.085 Loading class com/sun/org/apache/xerces/internal/impl/XMLScanner
Event: 3.085 Loading class com/sun/org/apache/xerces/internal/impl/XMLScanner done
Event: 3.085 Loading class com/sun/org/apache/xerces/internal/impl/XMLDocumentFragmentScannerImpl done
Event: 3.085 Loading class com/sun/org/apache/xerces/internal/impl/XMLDocumentScannerImpl done
Event: 3.085 Loading class com/sun/org/apache/xerces/internal/impl/XMLNSDocumentScannerImpl done

Classes unloaded (0 events):
No events

Classes redefined (0 events):
No events

Internal exceptions (20 events):
Event: 1.246 Thread 0x0000017457e52b10 Implicit null exception at 0x0000017462b8f4bd to 0x0000017462b8f541
Event: 1.479 Thread 0x0000017457e52b10 Exception <a 'java/lang/NoSuchMethodError'{0x00000000d59d9ab0}: 'void java.lang.invoke.DirectMethodHandle$Holder.invokeSpecial(java.lang.Object, java.lang.Object, java.lang.Object)'> (0x00000000d59d9ab0) 
thrown [s\src\hotspot\share\interpreter\linkResolver.cpp, line 773]
Event: 1.864 Thread 0x0000017457e52b10 Exception <a 'java/lang/NoSuchMethodError'{0x00000000d644d8f8}: 'int java.lang.invoke.DirectMethodHandle$Holder.invokeVirtual(java.lang.Object, java.lang.Object)'> (0x00000000d644d8f8) 
thrown [s\src\hotspot\share\interpreter\linkResolver.cpp, line 773]
Event: 1.927 Thread 0x0000017457e52b10 Exception <a 'java/lang/NoSuchMethodError'{0x00000000d65c2a50}: 'int java.lang.invoke.DirectMethodHandle$Holder.invokeStaticInit(java.lang.Object, java.lang.Object, java.lang.Object, java.lang.Object)'> (0x00000000d65c2a50) 
thrown [s\src\hotspot\share\interpreter\linkResolver.cpp, line 773]
Event: 1.928 Thread 0x0000017457e52b10 Exception <a 'java/lang/IncompatibleClassChangeError'{0x00000000d65cae58}: Found class java.lang.Object, but interface was expected> (0x00000000d65cae58) 
thrown [s\src\hotspot\share\interpreter\linkResolver.cpp, line 840]
Event: 1.929 Thread 0x0000017457e52b10 Exception <a 'java/lang/NoSuchMethodError'{0x00000000d65d1648}: 'void java.lang.invoke.DirectMethodHandle$Holder.invokeStaticInit(java.lang.Object, java.lang.Object)'> (0x00000000d65d1648) 
thrown [s\src\hotspot\share\interpreter\linkResolver.cpp, line 773]
Event: 1.930 Thread 0x0000017457e52b10 Exception <a 'java/lang/NoSuchMethodError'{0x00000000d65daa60}: 'int java.lang.invoke.DirectMethodHandle$Holder.invokeStaticInit(java.lang.Object, java.lang.Object)'> (0x00000000d65daa60) 
thrown [s\src\hotspot\share\interpreter\linkResolver.cpp, line 773]
Event: 2.001 Thread 0x0000017457e52b10 Exception <a 'java/lang/NoSuchMethodError'{0x00000000d6820698}: 'java.lang.Object java.lang.invoke.DirectMethodHandle$Holder.newInvokeSpecial(java.lang.Object, int, java.lang.Object)'> (0x00000000d6820698) 
thrown [s\src\hotspot\share\interpreter\linkResolver.cpp, line 773]
Event: 2.071 Thread 0x0000017457e52b10 Exception <a 'java/lang/ClassNotFoundException'{0x00000000d6a38e00}: sun/net/www/protocol/plurl/Handler> (0x00000000d6a38e00) 
thrown [s\src\hotspot\share\classfile\systemDictionary.cpp, line 312]
Event: 2.071 Thread 0x0000017457e52b10 Exception <a 'java/lang/ClassNotFoundException'{0x00000000d6a39c80}: sun/net/www/protocol/plurl/Handler> (0x00000000d6a39c80) 
thrown [s\src\hotspot\share\classfile\systemDictionary.cpp, line 312]
Event: 2.335 Thread 0x0000017457e52b10 Exception <a 'java/lang/UnsatisfiedLinkError'{0x00000000d55d2d58}: 'void org.eclipse.equinox.launcher.JNIBridge._update_splash()'> (0x00000000d55d2d58) 
thrown [s\src\hotspot\share\prims\nativeLookup.cpp, line 415]
Event: 2.396 Thread 0x0000017457dd1670 Exception <a 'java/lang/NoSuchMethodError'{0x00000000d5867c98}: 'void java.lang.invoke.DirectMethodHandle$Holder.invokeInterface(java.lang.Object, java.lang.Object, java.lang.Object)'> (0x00000000d5867c98) 
thrown [s\src\hotspot\share\interpreter\linkResolver.cpp, line 773]
Event: 2.514 Thread 0x0000017457dd0fe0 Exception <a 'java/lang/NoSuchMethodError'{0x00000000d5c38e30}: 'java.lang.Object java.lang.invoke.DirectMethodHandle$Holder.newInvokeSpecial(java.lang.Object, java.lang.Object, int, java.lang.Object)'> (0x00000000d5c38e30) 
thrown [s\src\hotspot\share\interpreter\linkResolver.cpp, line 773]
Event: 2.514 Thread 0x0000017457dd0fe0 Exception <a 'java/lang/NoSuchMethodError'{0x00000000d5c3cc60}: 'java.lang.Object java.lang.invoke.DirectMethodHandle$Holder.invokeSpecial(java.lang.Object, java.lang.Object, java.lang.Object, int, java.lang.Object)'> (0x00000000d5c3cc60) 
thrown [s\src\hotspot\share\interpreter\linkResolver.cpp, line 773]
Event: 2.533 Thread 0x0000017457dd0fe0 Exception <a 'java/lang/NoClassDefFoundError'{0x00000000d5ce35d0}: jakarta/servlet/ServletContainerInitializer> (0x00000000d5ce35d0) 
thrown [s\src\hotspot\share\classfile\systemDictionary.cpp, line 301]
Event: 2.561 Thread 0x0000017457dd0fe0 Exception <a 'java/lang/ClassNotFoundException'{0x00000000d5e3f420}: sun/util/logging/resources/spi/loggingProvider> (0x00000000d5e3f420) 
thrown [s\src\hotspot\share\classfile\systemDictionary.cpp, line 312]
Event: 2.982 Thread 0x0000017457dd0fe0 Exception <a 'java/lang/OutOfMemoryError'{0x00000000d5d5e2b0}> (0x00000000d5d5e2b0) 
thrown [s\src\hotspot\share\prims\jni.cpp, line 539]
Event: 2.993 Thread 0x0000017457dd0fe0 Exception <a 'java/lang/NoSuchMethodError'{0x00000000d5db59d0}: 'void java.lang.invoke.Invokers$Holder.invokeExact_MT(java.lang.Object, java.lang.Object, java.lang.Object)'> (0x00000000d5db59d0) 
thrown [s\src\hotspot\share\interpreter\linkResolver.cpp, line 773]
Event: 3.054 Thread 0x0000017457dd0fe0 Exception <a 'java/lang/NullPointerException'{0x00000000d619acb8}> (0x00000000d619acb8) 
thrown [s\src\hotspot\share\interpreter\linkResolver.cpp, line 1372]
Event: 3.054 Thread 0x0000017457dd0fe0 Exception <a 'java/lang/NullPointerException'{0x00000000d619af98}> (0x00000000d619af98) 
thrown [s\src\hotspot\share\interpreter\linkResolver.cpp, line 1372]

ZGC Phase Switch (0 events):
No events

VM Operations (20 events):
Event: 2.050 Executing non-safepoint VM operation: HandshakeAllThreads (Deoptimize)
Event: 2.050 Executing non-safepoint VM operation: HandshakeAllThreads (Deoptimize) done
Event: 2.066 Executing non-safepoint VM operation: HandshakeAllThreads (Deoptimize)
Event: 2.066 Executing non-safepoint VM operation: HandshakeAllThreads (Deoptimize) done
Event: 2.114 Executing safepoint VM operation: ICBufferFull
Event: 2.114 Executing safepoint VM operation: ICBufferFull done
Event: 2.313 Executing safepoint VM operation: ParallelGCFailedAllocation (Allocation Failure)
Event: 2.319 Executing safepoint VM operation: ParallelGCFailedAllocation (Allocation Failure) done
Event: 2.548 Executing non-safepoint VM operation: HandshakeAllThreads (Deoptimize)
Event: 2.548 Executing non-safepoint VM operation: HandshakeAllThreads (Deoptimize) done
Event: 2.569 Executing non-safepoint VM operation: HandshakeAllThreads (Deoptimize)
Event: 2.569 Executing non-safepoint VM operation: HandshakeAllThreads (Deoptimize) done
Event: 2.585 Executing non-safepoint VM operation: HandshakeAllThreads (Deoptimize)
Event: 2.585 Executing non-safepoint VM operation: HandshakeAllThreads (Deoptimize) done
Event: 2.598 Executing non-safepoint VM operation: HandshakeAllThreads (Deoptimize)
Event: 2.598 Executing non-safepoint VM operation: HandshakeAllThreads (Deoptimize) done
Event: 2.832 Executing safepoint VM operation: ParallelGCFailedAllocation (Allocation Failure)
Event: 2.840 Executing safepoint VM operation: ParallelGCFailedAllocation (Allocation Failure) done
Event: 2.884 Executing non-safepoint VM operation: HandshakeAllThreads (Deoptimize)
Event: 2.884 Executing non-safepoint VM operation: HandshakeAllThreads (Deoptimize) done

Memory protections (0 events):
No events

Nmethod flushes (0 events):
No events

Events (20 events):
Event: 0.046 Thread 0x0000017457e52b10 Thread added: 0x0000017457dc27a0
Event: 0.046 Thread 0x0000017457e52b10 Thread added: 0x0000017457dc76d0
Event: 0.046 Thread 0x0000017457e52b10 Thread added: 0x0000017457dd02c0
Event: 0.046 Thread 0x0000017457e52b10 Thread added: 0x0000017457dd5f30
Event: 0.046 Thread 0x0000017457e52b10 Thread added: 0x0000017457dede30
Event: 0.112 Thread 0x0000017457e52b10 Thread added: 0x0000017457dd0950
Event: 0.230 Thread 0x0000017457dede30 Thread added: 0x0000017470327c60
Event: 0.356 Thread 0x0000017470327c60 Thread exited: 0x0000017470327c60
Event: 0.508 Thread 0x0000017457e52b10 Thread added: 0x0000017457dd30b0
Event: 0.547 Thread 0x0000017457dede30 Thread added: 0x00000174704be8e0
Event: 0.712 Thread 0x0000017457dede30 Thread added: 0x000001747071e790
Event: 1.372 Thread 0x000001747071e790 Thread exited: 0x000001747071e790
Event: 1.447 Thread 0x00000174704be8e0 Thread exited: 0x00000174704be8e0
Event: 1.611 Thread 0x0000017457dede30 Thread added: 0x00000174706af4d0
Event: 1.611 Thread 0x0000017457dede30 Thread added: 0x00000174706afb80
Event: 1.944 Thread 0x0000017457e52b10 Thread added: 0x0000017457dd2a20
Event: 2.333 Thread 0x0000017457e52b10 Thread added: 0x0000017457dd1670
Event: 2.399 Thread 0x0000017457dd1670 Thread added: 0x0000017457dcfc30
Event: 2.404 Thread 0x0000017457e52b10 Thread added: 0x0000017457dd0fe0
Event: 2.880 Thread 0x0000017457dd0fe0 Thread added: 0x0000017457dd1d00


Dynamic libraries:
0x00007ff769cf0000 - 0x00007ff769cfe000 	c:\Users\User\.vscode\extensions\redhat.java-1.53.0-win32-x64\jre\21.0.10-win32-x86_64\bin\java.exe
0x00007ff857330000 - 0x00007ff857528000 	C:\Windows\SYSTEM32\ntdll.dll
0x00007ff855350000 - 0x00007ff855412000 	C:\Windows\System32\KERNEL32.DLL
0x00007ff854ef0000 - 0x00007ff8551e6000 	C:\Windows\System32\KERNELBASE.dll
0x00007ff854af0000 - 0x00007ff854bf0000 	C:\Windows\System32\ucrtbase.dll
0x00007ff84e590000 - 0x00007ff84e5a8000 	c:\Users\User\.vscode\extensions\redhat.java-1.53.0-win32-x64\jre\21.0.10-win32-x86_64\bin\jli.dll
0x00007ff84e570000 - 0x00007ff84e58e000 	c:\Users\User\.vscode\extensions\redhat.java-1.53.0-win32-x64\jre\21.0.10-win32-x86_64\bin\VCRUNTIME140.dll
0x00007ff8569b0000 - 0x00007ff856b51000 	C:\Windows\System32\USER32.dll
0x00007ff854d90000 - 0x00007ff854db2000 	C:\Windows\System32\win32u.dll
0x00007ff839090000 - 0x00007ff83932b000 	C:\Windows\WinSxS\amd64_microsoft.windows.common-controls_6595b64144ccf1df_6.0.19041.6456_none_60b8a6cb71f64256\COMCTL32.dll
0x00007ff855610000 - 0x00007ff85563b000 	C:\Windows\System32\GDI32.dll
0x00007ff855c30000 - 0x00007ff855cce000 	C:\Windows\System32\msvcrt.dll
0x00007ff854c70000 - 0x00007ff854d89000 	C:\Windows\System32\gdi32full.dll
0x00007ff854dc0000 - 0x00007ff854e5d000 	C:\Windows\System32\msvcp_win.dll
0x00007ff855c00000 - 0x00007ff855c2f000 	C:\Windows\System32\IMM32.DLL
0x00007ff84e560000 - 0x00007ff84e56c000 	c:\Users\User\.vscode\extensions\redhat.java-1.53.0-win32-x64\jre\21.0.10-win32-x86_64\bin\vcruntime140_1.dll
0x00007ffff07b0000 - 0x00007ffff083d000 	c:\Users\User\.vscode\extensions\redhat.java-1.53.0-win32-x64\jre\21.0.10-win32-x86_64\bin\msvcp140.dll
0x00007fffdef10000 - 0x00007fffdfcb1000 	c:\Users\User\.vscode\extensions\redhat.java-1.53.0-win32-x64\jre\21.0.10-win32-x86_64\bin\server\jvm.dll
0x00007ff855ae0000 - 0x00007ff855b91000 	C:\Windows\System32\ADVAPI32.dll
0x00007ff855d30000 - 0x00007ff855dcf000 	C:\Windows\System32\sechost.dll
0x00007ff855650000 - 0x00007ff855770000 	C:\Windows\System32\RPCRT4.dll
0x00007ff854c40000 - 0x00007ff854c67000 	C:\Windows\System32\bcrypt.dll
0x00007ff855e60000 - 0x00007ff855ecb000 	C:\Windows\System32\WS2_32.dll
0x00007ff853f50000 - 0x00007ff853f9b000 	C:\Windows\SYSTEM32\POWRPROF.dll
0x00007ff836480000 - 0x00007ff8364a7000 	C:\Windows\SYSTEM32\WINMM.dll
0x00007ff8439c0000 - 0x00007ff8439ca000 	C:\Windows\SYSTEM32\VERSION.dll
0x00007ff853dc0000 - 0x00007ff853dd2000 	C:\Windows\SYSTEM32\UMPDC.dll
0x00007ff8528a0000 - 0x00007ff8528b2000 	C:\Windows\SYSTEM32\kernel.appcore.dll
0x00007ff84e550000 - 0x00007ff84e55a000 	c:\Users\User\.vscode\extensions\redhat.java-1.53.0-win32-x64\jre\21.0.10-win32-x86_64\bin\jimage.dll
0x00007ff852500000 - 0x00007ff852701000 	C:\Windows\SYSTEM32\DBGHELP.DLL
0x00007ff834f10000 - 0x00007ff834f44000 	C:\Windows\SYSTEM32\dbgcore.DLL
0x00007ff854e60000 - 0x00007ff854ee2000 	C:\Windows\System32\bcryptPrimitives.dll
0x00007ff84e540000 - 0x00007ff84e54f000 	c:\Users\User\.vscode\extensions\redhat.java-1.53.0-win32-x64\jre\21.0.10-win32-x86_64\bin\instrument.dll
0x00007ff8349f0000 - 0x00007ff834a10000 	c:\Users\User\.vscode\extensions\redhat.java-1.53.0-win32-x64\jre\21.0.10-win32-x86_64\bin\java.dll
0x00007ff856b60000 - 0x00007ff8572d0000 	C:\Windows\System32\SHELL32.dll
0x00007ff852a30000 - 0x00007ff8531d5000 	C:\Windows\SYSTEM32\windows.storage.dll
0x00007ff855770000 - 0x00007ff855ac4000 	C:\Windows\System32\combase.dll
0x00007ff8543f0000 - 0x00007ff85441b000 	C:\Windows\SYSTEM32\Wldp.dll
0x00007ff856160000 - 0x00007ff85622d000 	C:\Windows\System32\OLEAUT32.dll
0x00007ff856230000 - 0x00007ff8562dd000 	C:\Windows\System32\SHCORE.dll
0x00007ff855ba0000 - 0x00007ff855bfb000 	C:\Windows\System32\shlwapi.dll
0x00007ff8548f0000 - 0x00007ff854914000 	C:\Windows\SYSTEM32\profapi.dll
0x00007ff8349d0000 - 0x00007ff8349e8000 	c:\Users\User\.vscode\extensions\redhat.java-1.53.0-win32-x64\jre\21.0.10-win32-x86_64\bin\zip.dll
0x00007ff838e20000 - 0x00007ff838e30000 	C:\Users\User\.vscode\extensions\redhat.java-1.53.0-win32-x64\jre\21.0.10-win32-x86_64\bin\net.dll
0x00007ff851040000 - 0x00007ff85114a000 	C:\Windows\SYSTEM32\WINHTTP.dll
0x00007ff854150000 - 0x00007ff8541ba000 	C:\Windows\system32\mswsock.dll
0x00007ff8349b0000 - 0x00007ff8349c6000 	C:\Users\User\.vscode\extensions\redhat.java-1.53.0-win32-x64\jre\21.0.10-win32-x86_64\bin\nio.dll
0x00007ff8388d0000 - 0x00007ff8388e0000 	c:\Users\User\.vscode\extensions\redhat.java-1.53.0-win32-x64\jre\21.0.10-win32-x86_64\bin\verify.dll
0x00007ffff88b0000 - 0x00007ffff88f5000 	C:\Users\User\AppData\Roaming\Code\User\globalStorage\redhat.java\1.53.0\config_win\org.eclipse.equinox.launcher\org.eclipse.equinox.launcher.win32.win32.x86_64_1.3.0.v20260203-2149\eclipse_11919.dll
0x00007ff855480000 - 0x00007ff8555ab000 	C:\Windows\System32\ole32.dll

JVMTI agents:
c:\Users\User\.vscode\extensions\redhat.java-1.53.0-win32-x64\lombok\lombok-1.18.39-4050.jar path:c:\Users\User\.vscode\extensions\redhat.java-1.53.0-win32-x64\jre\21.0.10-win32-x86_64\bin\instrument.dll, loaded, initialized, instrumentlib options:none

dbghelp: loaded successfully - version: 4.0.5 - missing functions: none
symbol engine: initialized successfully - sym options: 0x614 - pdb path: .;c:\Users\User\.vscode\extensions\redhat.java-1.53.0-win32-x64\jre\21.0.10-win32-x86_64\bin;C:\Windows\SYSTEM32;C:\Windows\WinSxS\amd64_microsoft.windows.common-controls_6595b64144ccf1df_6.0.19041.6456_none_60b8a6cb71f64256;c:\Users\User\.vscode\extensions\redhat.java-1.53.0-win32-x64\jre\21.0.10-win32-x86_64\bin\server;C:\Users\User\AppData\Roaming\Code\User\globalStorage\redhat.java\1.53.0\config_win\org.eclipse.equinox.launcher\org.eclipse.equinox.launcher.win32.win32.x86_64_1.3.0.v20260203-2149

VM Arguments:
jvm_args: --add-modules=ALL-SYSTEM --add-opens=java.base/java.util=ALL-UNNAMED --add-opens=java.base/java.lang=ALL-UNNAMED --add-opens=java.base/sun.nio.fs=ALL-UNNAMED -Declipse.application=org.eclipse.jdt.ls.core.id1 -Dosgi.bundles.defaultStartLevel=4 -Declipse.product=org.eclipse.jdt.ls.core.product -Djava.import.generatesMetadataFilesAtProjectRoot=false -DDetectVMInstallationsJob.disabled=true -Dfile.encoding=utf8 -XX:+UseParallelGC -XX:GCTimeRatio=4 -XX:AdaptiveSizePolicyWeight=90 -Dsun.zip.disableMemoryMapping=true -Xmx2G -Xms100m -Xlog:disable -javaagent:c:\Users\User\.vscode\extensions\redhat.java-1.53.0-win32-x64\lombok\lombok-1.18.39-4050.jar -XX:+HeapDumpOnOutOfMemoryError -XX:HeapDumpPath=c:\Users\User\AppData\Roaming\Code\User\workspaceStorage\fb235d71aa36e6436ab2d765a633e9e8\redhat.java -Daether.dependencyCollector.impl=bf 
java_command: c:\Users\User\.vscode\extensions\redhat.java-1.53.0-win32-x64\server\plugins\org.eclipse.equinox.launcher_1.7.100.v20251111-0406.jar -configuration c:\Users\User\AppData\Roaming\Code\User\globalStorage\redhat.java\1.53.0\config_win -data c:\Users\User\AppData\Roaming\Code\User\workspaceStorage\fb235d71aa36e6436ab2d765a633e9e8\redhat.java\jdt_ws --pipe=\\.\pipe\lsp-701d5e8f1d838a3636fbe7d6b23ca66e-sock
java_class_path (initial): c:\Users\User\.vscode\extensions\redhat.java-1.53.0-win32-x64\server\plugins\org.eclipse.equinox.launcher_1.7.100.v20251111-0406.jar
Launcher Type: SUN_STANDARD

[Global flags]
    uintx AdaptiveSizePolicyWeight                 = 90                                        {product} {command line}
     intx CICompilerCount                          = 4                                         {product} {ergonomic}
    uintx GCTimeRatio                              = 4                                         {product} {command line}
     bool HeapDumpOnOutOfMemoryError               = true                                   {manageable} {command line}
    ccstr HeapDumpPath                             = c:\Users\User\AppData\Roaming\Code\User\workspaceStorage\fb235d71aa36e6436ab2d765a633e9e8\redhat.java         {manageable} {command line}
   size_t InitialHeapSize                          = 104857600                                 {product} {command line}
   size_t MaxHeapSize                              = 2147483648                                {product} {command line}
   size_t MaxNewSize                               = 715653120                                 {product} {ergonomic}
   size_t MinHeapDeltaBytes                        = 524288                                    {product} {ergonomic}
   size_t MinHeapSize                              = 104857600                                 {product} {command line}
   size_t NewSize                                  = 34603008                                  {product} {ergonomic}
    uintx NonNMethodCodeHeapSize                   = 5839372                                {pd product} {ergonomic}
    uintx NonProfiledCodeHeapSize                  = 122909434                              {pd product} {ergonomic}
   size_t OldSize                                  = 70254592                                  {product} {ergonomic}
    uintx ProfiledCodeHeapSize                     = 122909434                              {pd product} {ergonomic}
    uintx ReservedCodeCacheSize                    = 251658240                              {pd product} {ergonomic}
     bool SegmentedCodeCache                       = true                                      {product} {ergonomic}
   size_t SoftMaxHeapSize                          = 2147483648                             {manageable} {ergonomic}
     bool UseCompressedOops                        = true                           {product lp64_product} {ergonomic}
     bool UseLargePagesIndividualAllocation        = false                                  {pd product} {ergonomic}
     bool UseParallelGC                            = true                                      {product} {command line}

Logging:
Log output configuration:
 #0: stdout all=off uptime,level,tags foldmultilines=false
 #1: stderr all=off uptime,level,tags foldmultilines=false

Release file:
JAVA_VERSION="21.0.10" 
MODULES="java.base java.compiler java.datatransfer java.xml java.prefs java.desktop java.instrument java.logging java.management java.security.sasl java.naming java.rmi java.management.rmi java.net.http java.scripting java.security.jgss java.transaction.xa java.sql java.sql.rowset java.xml.crypto java.se java.smartcardio jdk.accessibility jdk.internal.jvmstat jdk.attach jdk.charsets jdk.internal.opt jdk.zipfs jdk.compiler jdk.crypto.ec jdk.crypto.cryptoki jdk.crypto.mscapi jdk.dynalink jdk.internal.ed jdk.editpad jdk.hotspot.agent jdk.httpserver jdk.internal.le jdk.internal.vm.ci jdk.internal.vm.compiler jdk.internal.vm.compiler.management jdk.jartool jdk.javadoc jdk.jcmd jdk.management jdk.management.agent jdk.jconsole jdk.jdeps jdk.jdwp.agent jdk.jdi jdk.jfr jdk.jshell jdk.jsobject jdk.jstatd jdk.localedata jdk.management.jfr jdk.naming.dns jdk.naming.rmi jdk.net jdk.nio.mapmode jdk.random jdk.sctp jdk.security.auth jdk.security.jgss jdk.unsupported jdk.unsupported.desktop jdk.xml.dom" 

Environment Variables:
JAVA_HOME=D:\JavaJdk
PATH=C:\Users\User\AppData\Local\Programs\Microsoft VS Code;D:\Scripts;D:\;D:\orclDB\dbhomeXE\bin;C:\Program Files\Common Files\Oracle\Java\javapath;D:\Downloads\php-8.4.2-nts-Win32-vs17-x64;C:\Program Files (x86)\Common Files\Oracle\Java\javapath;C:\Windows\system32;C:\Windows;C:\Windows\System32\Wbem;C:\Windows\System32\WindowsPowerShell\v1.0\;C:\Windows\System32\OpenSSH\;C:\Program Files\Microsoft SQL Server\150\Tools\Binn\;C:\Program Files\Microsoft SQL Server\Client SDK\ODBC\170\Tools\Binn\;C:\Program Files (x86)\Microsoft SQL Server\150\Tools\Binn\;C:\Program Files\Microsoft SQL Server\150\DTS\Binn\;C:\Program Files\Azure Data Studio\bin;C:\Program Files\dotnet\;D:\Git\cmd;C:\Program Files (x86)\Microsoft SQL Server\160\DTS\Binn\;D:\Downloads\php-8.1.12-nts-Win32-vs16-x64;C:\ProgramData\Microsoft\Windows\Start Menu\Programs\XAMPP;D:\Downloads\php-8.4.2-nts-Win32-vs17-x64;D:\Downloads\php-8.3.15-nts-Win32-vs16-x64;D:\Downloads\php-8.3.15-nts-Win32-vs16-x64;D:\nvm;C:\nvm4w\nodejs;D:\Downloads\nvm;D:\Downloads\node;D:\Downloads\nvm;C:\Program Files\MySQL;C:\Program Files\MySQL\MySQL Server 8.0\bin;D:\JavaJdk\bin;D:\aws\;D:\gcloud\google-cloud-sdk\bin;D:\Git\mingw64\libexec\git-core;D:\composer;D:\composer;D:\composer;E:\composer;D:\Downloads\apache-maven-3.9.9\bin;C:\Users\User\AppData\Local\Programs\Python\Python312\;C:\Users\User\AppData\Local\Programs\Python\Python312\;C:\Users\User\AppData\Roaming\Microsoft\Windows\Start Menu\Programs\Python 3.11;C:\Users\User\AppData\Local\Programs\Python\Python311\;C:\Users\User\AppData\Local\Programs\Python\Python311\python.exe;C:\Users\User\AppData\Local\Programs\Python\Python311\Scripts\;C:\Users\User\AppData\Local\Programs\Python\Python311\;C:\Users\User\AppData\Local\Programs\Python\Launcher\;D:\orclDB\dbhomeXE\bin;C:\Program Files\Common Files\Oracle\Java\javapath;D:\VMware\bin\;D:\Downloads\php-8.4.2-nts-Win32-vs17-x64;C:\Program Files (x86)\Common Files\Oracle\Java\javapath;C:\Windows\system32;C:\Windows;C:\Windows\System32\Wbem;C:\Windows\System32\WindowsPowerShell\v1.0\;C:\Windows\System32\OpenSSH\;C:\Program Files\Microsoft SQL Server\150\Tools\Binn\;C:\Program Files\Microsoft SQL Server\Client SDK\ODBC\170\Tools\Binn\;C:\Program Files (x86)\Microsoft SQL Server\150\Tools\Binn\;C:\Program Files\Microsoft SQL Server\150\DTS\Binn\;C:\Program Files\Azure Data Studio\bin;C:\Program Files\dotnet\;D:\Git\cmd;C:\Program Files (x86)\Microsoft SQL Server\160\DTS\Binn\;D:\Downloads\php-8.1.12-nts-Win32-vs16-x64;C:\ProgramData\Microsoft\Windows\Start Menu\Programs\XAMPP;D:\Downloads\php-8.4.2-nts-Win32-vs17-x64;D:\Downloads\php-8.3.15-nts-Win32-vs16-x64;D:\Downloads\php-8.3.15-nts-Win32-vs16-x64;D:\nvm;C:\nvm4w\nodejs;D:\Downloads\nvm;D:\Downloads\node;D:\Downloads\nvm;C:\Program Files\MySQL;C:\Program;D:\gcloud\google-cloud-sdk\bin;C:\Users\User\AppData\Local\Programs\Microsoft VS Code\bin;C:\Users\User\AppData\Roaming\Composer\vendor\bin;D:\composer;C:\Users\User\AppData\Local\GitHubDesktop\bin;E:\Antigravity\bin
USERNAME=User
OS=Windows_NT
PROCESSOR_IDENTIFIER=Intel64 Family 6 Model 140 Stepping 1, GenuineIntel
TMP=C:\Users\User\AppData\Local\Temp
TEMP=C:\Users\User\AppData\Local\Temp




Periodic native trim disabled

---------------  S Y S T E M  ---------------

OS:
 Windows 10 , 64 bit Build 19041 (10.0.19041.5915)
OS uptime: 0 days 9:05 hours

CPU: total 8 (initial active 8) (4 cores per cpu, 2 threads per core) family 6 model 140 stepping 1 microcode 0x86, cx8, cmov, fxsr, ht, mmx, 3dnowpref, sse, sse2, sse3, ssse3, sse4.1, sse4.2, popcnt, lzcnt, tsc, tscinvbit, avx, avx2, aes, erms, clmul, bmi1, bmi2, adx, avx512f, avx512dq, avx512cd, avx512bw, avx512vl, sha, fma, vzeroupper, avx512_vpopcntdq, avx512_vpclmulqdq, avx512_vaes, avx512_vnni, clflush, clflushopt, clwb, avx512_vbmi2, avx512_vbmi, rdtscp, rdpid, fsrm, gfni, avx512_bitalg, f16c, pku, cet_ibt, cet_ss, avx512_ifma
Processor Information for the first 8 processors :
  Max Mhz: 2419, Current Mhz: 2419, Mhz Limit: 2419

Memory: 4k page, system-wide physical 7932M (863M free)
TotalPageFile size 12549M (AvailPageFile size 64M)
current process WorkingSet (physical memory assigned to process): 111M, peak: 111M
current process commit charge ("private bytes"): 253M, peak: 253M

vm_info: OpenJDK 64-Bit Server VM (21.0.10+7-LTS) for windows-amd64 JRE (21.0.10+7-LTS), built on 2026-01-20T00:00:00Z by "admin" with MS VC++ 17.12 (VS2022)

END.
