#
# There is insufficient memory for the Java Runtime Environment to continue.
# Native memory allocation (malloc) failed to allocate 85776 bytes. Error detail: Chunk::new
# Possible reasons:
#   The system is out of physical RAM or swap space
#   This process is running with CompressedOops enabled, and the Java Heap may be blocking the growth of the native heap
# Possible solutions:
#   Reduce memory load on the system
#   Increase physical memory or swap space
#   Check if swap backing store is full
#   Decrease Java heap size (-Xmx/-Xms)
#   Decrease number of Java threads
#   Decrease Java thread stack sizes (-Xss)
#   Set larger code cache with -XX:ReservedCodeCacheSize=
#   JVM is running with Unscaled Compressed Oops mode in which the Java heap is
#     placed in the first 4GB address space. The Java Heap base address is the
#     maximum limit for the native heap growth. Please use -XX:HeapBaseMinAddress
#     to set the Java Heap base and to place the Java Heap above 4GB virtual address.
# This output file may be truncated or incomplete.
#
#  Out of Memory Error (arena.cpp:168), pid=15576, tid=15964
#
# JRE version: OpenJDK Runtime Environment Temurin-21.0.10+7 (21.0.10+7) (build 21.0.10+7-LTS)
# Java VM: OpenJDK 64-Bit Server VM Temurin-21.0.10+7 (21.0.10+7-LTS, mixed mode, sharing, tiered, compressed oops, compressed class ptrs, parallel gc, windows-amd64)
# No core dump will be written. Minidumps are not enabled by default on client versions of Windows
#

---------------  S U M M A R Y ------------

Command Line: --add-modules=ALL-SYSTEM --add-opens=java.base/java.util=ALL-UNNAMED --add-opens=java.base/java.lang=ALL-UNNAMED --add-opens=java.base/sun.nio.fs=ALL-UNNAMED -Declipse.application=org.eclipse.jdt.ls.core.id1 -Dosgi.bundles.defaultStartLevel=4 -Declipse.product=org.eclipse.jdt.ls.core.product -Djava.import.generatesMetadataFilesAtProjectRoot=false -DDetectVMInstallationsJob.disabled=true -Dfile.encoding=utf8 -XX:+UseParallelGC -XX:GCTimeRatio=4 -XX:AdaptiveSizePolicyWeight=90 -Dsun.zip.disableMemoryMapping=true -Xmx2G -Xms100m -Xlog:disable -javaagent:c:\Users\User\.vscode\extensions\redhat.java-1.53.0-win32-x64\lombok\lombok-1.18.39-4050.jar c:\Users\User\.vscode\extensions\redhat.java-1.53.0-win32-x64\server\plugins\org.eclipse.equinox.launcher_1.7.100.v20251111-0406.jar -configuration c:\Users\User\AppData\Roaming\Code\User\globalStorage\redhat.java\1.53.0\config_ss_win -data c:\Users\User\AppData\Roaming\Code\User\workspaceStorage\fb235d71aa36e6436ab2d765a633e9e8\redhat.java\ss_ws --pipe=\\.\pipe\lsp-abb49d20d05f9daf7c980b0eef1cc5bd-sock

Host: 11th Gen Intel(R) Core(TM) i5-1135G7 @ 2.40GHz, 8 cores, 7G,  Windows 10 , 64 bit Build 19041 (10.0.19041.5915)
Time: Wed Apr  8 17:22:00 2026 Sri Lanka Standard Time elapsed time: 0.589050 seconds (0d 0h 0m 0s)

---------------  T H R E A D  ---------------

Current thread (0x000001efeb1c8dd0):  JavaThread "C2 CompilerThread1" daemon [_thread_in_native, id=15964, stack(0x000000045ba00000,0x000000045bb00000) (1024K)]


Current CompileTask:
C2:589  642       4       java.util.Collections$UnmodifiableCollection::iterator (9 bytes)

Stack: [0x000000045ba00000,0x000000045bb00000]
Native frames: (J=compiled Java code, j=interpreted, Vv=VM code, C=native code)
V  [jvm.dll+0x6d7a39]
V  [jvm.dll+0x8b4b26]
V  [jvm.dll+0x8b70de]
V  [jvm.dll+0x8b77c3]
V  [jvm.dll+0x284346]
V  [jvm.dll+0xc66ed]
V  [jvm.dll+0xc6c31]
V  [jvm.dll+0x2fb29e]
V  [jvm.dll+0x5fe884]
V  [jvm.dll+0x255b17]
V  [jvm.dll+0x24df54]
V  [jvm.dll+0x24ba42]
V  [jvm.dll+0x1cb34e]
V  [jvm.dll+0x25b85d]
V  [jvm.dll+0x259dea]
V  [jvm.dll+0x3f857e]
V  [jvm.dll+0x85f59d]
V  [jvm.dll+0x6d626d]
C  [ucrtbase.dll+0x21bb2]
C  [KERNEL32.DLL+0x17374]
C  [ntdll.dll+0x4cc91]


---------------  P R O C E S S  ---------------

Threads class SMR info:
_java_thread_list=0x000001efeb03d290, length=13, elements={
0x000001ef8b76aba0, 0x000001ef8da044f0, 0x000001ef8da05e00, 0x000001ef8da06d20,
0x000001ef8da07c40, 0x000001ef8da08b60, 0x000001ef8da0e5f0, 0x000001ef8da0f430,
0x000001efeb036eb0, 0x000001efeb1c8dd0, 0x000001efeb1db120, 0x000001efeb2f20c0,
0x000001efeb44b780
}

Java Threads: ( => current thread )
  0x000001ef8b76aba0 JavaThread "main"                              [_thread_in_Java, id=3584, stack(0x000000045ae00000,0x000000045af00000) (1024K)]
  0x000001ef8da044f0 JavaThread "Reference Handler"          daemon [_thread_blocked, id=5196, stack(0x000000045b200000,0x000000045b300000) (1024K)]
  0x000001ef8da05e00 JavaThread "Finalizer"                  daemon [_thread_blocked, id=1592, stack(0x000000045b300000,0x000000045b400000) (1024K)]
  0x000001ef8da06d20 JavaThread "Signal Dispatcher"          daemon [_thread_blocked, id=13696, stack(0x000000045b400000,0x000000045b500000) (1024K)]
  0x000001ef8da07c40 JavaThread "Attach Listener"            daemon [_thread_blocked, id=12048, stack(0x000000045b500000,0x000000045b600000) (1024K)]
  0x000001ef8da08b60 JavaThread "Service Thread"             daemon [_thread_blocked, id=10976, stack(0x000000045b600000,0x000000045b700000) (1024K)]
  0x000001ef8da0e5f0 JavaThread "Monitor Deflation Thread"   daemon [_thread_blocked, id=16632, stack(0x000000045b700000,0x000000045b800000) (1024K)]
  0x000001ef8da0f430 JavaThread "C2 CompilerThread0"         daemon [_thread_in_native, id=9532, stack(0x000000045b800000,0x000000045b900000) (1024K)]
  0x000001efeb036eb0 JavaThread "C1 CompilerThread0"         daemon [_thread_in_native, id=2456, stack(0x000000045b900000,0x000000045ba00000) (1024K)]
=>0x000001efeb1c8dd0 JavaThread "C2 CompilerThread1"         daemon [_thread_in_native, id=15964, stack(0x000000045ba00000,0x000000045bb00000) (1024K)]
  0x000001efeb1db120 JavaThread "Common-Cleaner"             daemon [_thread_blocked, id=10196, stack(0x000000045bb00000,0x000000045bc00000) (1024K)]
  0x000001efeb2f20c0 JavaThread "Notification Thread"        daemon [_thread_blocked, id=13700, stack(0x000000045bc00000,0x000000045bd00000) (1024K)]
  0x000001efeb44b780 JavaThread "C2 CompilerThread2"         daemon [_thread_in_native, id=11364, stack(0x000000045bd00000,0x000000045be00000) (1024K)]
Total: 13

Other Threads:
  0x000001ef8d9f2480 VMThread "VM Thread"                           [id=10232, stack(0x000000045b100000,0x000000045b200000) (1024K)]
  0x000001ef8db01a80 WatcherThread "VM Periodic Task Thread"        [id=16592, stack(0x000000045b000000,0x000000045b100000) (1024K)]
  0x000001ef8dab49e0 WorkerThread "GC Thread#0"                     [id=13948, stack(0x000000045af00000,0x000000045b000000) (1024K)]
Total: 3

Threads with active compile tasks:
C2 CompilerThread0  706  667       4       lombok.patcher.scripts.MethodLevelPatchScript::patch (21 bytes)
C1 CompilerThread0  707  715   !   3       java.lang.String::<init> (880 bytes)
C2 CompilerThread1  707  642       4       java.util.Collections$UnmodifiableCollection::iterator (9 bytes)
C2 CompilerThread2  707  668       4       lombok.patcher.PatchScript::classMatches (41 bytes)
Total: 4

VM state: not at safepoint (normal execution)

VM Mutex/Monitor currently owned by a thread: None

Heap address: 0x0000000080000000, size: 2048 MB, Compressed Oops mode: 32-bit

CDS archive(s) mapped at: [0x000001efa5000000-0x000001efa5ba0000-0x000001efa5ba0000), size 12189696, SharedBaseAddress: 0x000001efa5000000, ArchiveRelocationMode: 1.
Compressed class space mapped at: 0x000001efa6000000-0x000001efe6000000, reserved size: 1073741824
Narrow klass base: 0x000001efa5000000, Narrow klass shift: 0, Narrow klass range: 0x100000000

GC Precious Log:
 CardTable entry size: 512
 CPUs: 8 total, 8 available
 Memory: 7932M
 Large Page Support: Disabled
 NUMA Support: Disabled
 Compressed Oops: Enabled (32-bit)
 Alignments: Space 512K, Generation 512K, Heap 2M
 Heap Min Capacity: 100M
 Heap Initial Capacity: 100M
 Heap Max Capacity: 2G
 Pre-touch: Disabled
 Parallel Workers: 8

Heap:
 PSYoungGen      total 29696K, used 17116K [0x00000000d5580000, 0x00000000d7680000, 0x0000000100000000)
  eden space 25600K, 66% used [0x00000000d5580000,0x00000000d6637050,0x00000000d6e80000)
  from space 4096K, 0% used [0x00000000d7280000,0x00000000d7280000,0x00000000d7680000)
  to   space 4096K, 0% used [0x00000000d6e80000,0x00000000d6e80000,0x00000000d7280000)
 ParOldGen       total 68608K, used 0K [0x0000000080000000, 0x0000000084300000, 0x00000000d5580000)
  object space 68608K, 0% used [0x0000000080000000,0x0000000080000000,0x0000000084300000)
 Metaspace       used 3346K, committed 3648K, reserved 1114112K
  class space    used 375K, committed 512K, reserved 1048576K

Card table byte_map: [0x000001ef8d440000,0x000001ef8d850000] _byte_map_base: 0x000001ef8d040000

Marking Bits: (ParMarkBitMap*) 0x00007fffdfbd3450
 Begin Bits: [0x000001ef9ff50000, 0x000001efa1f50000)
 End Bits:   [0x000001efa1f50000, 0x000001efa3f50000)

Polling page: 0x000001ef8b8c0000

Metaspace:

Usage:
  Non-class:      2.90 MB used.
      Class:    375.50 KB used.
       Both:      3.27 MB used.

Virtual space:
  Non-class space:       64.00 MB reserved,       3.06 MB (  5%) committed,  1 nodes.
      Class space:        1.00 GB reserved,     512.00 KB ( <1%) committed,  1 nodes.
             Both:        1.06 GB reserved,       3.56 MB ( <1%) committed. 

Chunk freelists:
   Non-Class:  11.47 MB
       Class:  15.47 MB
        Both:  26.95 MB

MaxMetaspaceSize: unlimited
CompressedClassSpaceSize: 1.00 GB
Initial GC threshold: 21.00 MB
Current GC threshold: 21.00 MB
CDS: on
 - commit_granule_bytes: 65536.
 - commit_granule_words: 8192.
 - virtual_space_node_default_size: 8388608.
 - enlarge_chunks_in_place: 1.
 - use_allocation_guard: 0.


Internal statistics:

num_allocs_failed_limit: 0.
num_arena_births: 170.
num_arena_deaths: 0.
num_vsnodes_births: 2.
num_vsnodes_deaths: 0.
num_space_committed: 57.
num_space_uncommitted: 0.
num_chunks_returned_to_freelist: 0.
num_chunks_taken_from_freelist: 213.
num_chunk_merges: 0.
num_chunk_splits: 139.
num_chunks_enlarged: 77.
num_inconsistent_stats: 0.

CodeHeap 'non-profiled nmethods': size=120000Kb used=283Kb max_used=283Kb free=119717Kb
 bounds [0x000001ef98770000, 0x000001ef989e0000, 0x000001ef9fca0000]
CodeHeap 'profiled nmethods': size=120000Kb used=1065Kb max_used=1065Kb free=118934Kb
 bounds [0x000001ef90ca0000, 0x000001ef90f10000, 0x000001ef981d0000]
CodeHeap 'non-nmethods': size=5760Kb used=1199Kb max_used=1206Kb free=4560Kb
 bounds [0x000001ef981d0000, 0x000001ef98440000, 0x000001ef98770000]
CodeCache: size=245760Kb, used=2547Kb, max_used=2554Kb, free=243211Kb
 total_blobs=1205, nmethods=756, adapters=356, full_count=0
Compilation: enabled, stopped_count=0, restarted_count=0

Compilation events (20 events):
Event: 0.571 Thread 0x000001efeb1c8dd0  632       4       java.lang.String::charAt (25 bytes)
Event: 0.571 Thread 0x000001efeb036eb0  633       3       java.net.URI::match (56 bytes)
Event: 0.572 Thread 0x000001efeb036eb0 nmethod 633 0x000001ef90d84610 code [0x000001ef90d847c0, 0x000001ef90d84a90]
Event: 0.574 Thread 0x000001efeb1c8dd0 nmethod 632 0x000001ef987a8110 code [0x000001ef987a82a0, 0x000001ef987a83c8]
Event: 0.575 Thread 0x000001efeb036eb0  634       3       sun.security.util.DerValue::data (29 bytes)
Event: 0.575 Thread 0x000001efeb036eb0 nmethod 634 0x000001ef90d84b10 code [0x000001ef90d84cc0, 0x000001ef90d84e90]
Event: 0.576 Thread 0x000001efeb036eb0  635       3       jdk.internal.util.ArraysSupport::vectorizedHashCode (158 bytes)
Event: 0.577 Thread 0x000001efeb036eb0 nmethod 635 0x000001ef90d84f90 code [0x000001ef90d852a0, 0x000001ef90d86288]
Event: 0.577 Thread 0x000001efeb036eb0  636       3       sun.security.util.DerValue::<init> (445 bytes)
Event: 0.578 Thread 0x000001ef8da0f430 nmethod 631 0x000001ef987a8910 code [0x000001ef987a8ac0, 0x000001ef987a8e68]
Event: 0.578 Thread 0x000001ef8da0f430  639       4       java.util.HashSet::iterator (13 bytes)
Event: 0.579 Thread 0x000001efeb036eb0 nmethod 636 0x000001ef90d86610 code [0x000001ef90d86a40, 0x000001ef90d883f8]
Event: 0.579 Thread 0x000001efeb036eb0  637       3       sun.security.util.DerInputStream::getDerValue (76 bytes)
Event: 0.579 Thread 0x000001efeb036eb0 nmethod 637 0x000001ef90d88d90 code [0x000001ef90d88f40, 0x000001ef90d891a0]
Event: 0.580 Thread 0x000001efeb036eb0  641       3       sun.invoke.util.VerifyAccess::isSamePackage (37 bytes)
Event: 0.581 Thread 0x000001efeb036eb0 nmethod 641 0x000001ef90d89290 code [0x000001ef90d894a0, 0x000001ef90d89a10]
Event: 0.584 Thread 0x000001efeb1c8dd0  642       4       java.util.Collections$UnmodifiableCollection::iterator (9 bytes)
Event: 0.586 Thread 0x000001efeb036eb0  643       3       java.math.BigInteger::destructiveMulAdd (150 bytes)
Event: 0.587 Thread 0x000001efeb036eb0 nmethod 643 0x000001ef90d89c10 code [0x000001ef90d89dc0, 0x000001ef90d8a0f0]
Event: 0.587 Thread 0x000001efeb036eb0  645       3       java.lang.StringLatin1::toLowerCase (186 bytes)

GC Heap History (0 events):
No events

Dll operation events (8 events):
Event: 0.007 Loaded shared library c:\Users\User\.vscode\extensions\redhat.java-1.53.0-win32-x64\jre\21.0.10-win32-x86_64\bin\java.dll
Event: 0.080 Loaded shared library c:\Users\User\.vscode\extensions\redhat.java-1.53.0-win32-x64\jre\21.0.10-win32-x86_64\bin\zip.dll
Event: 0.097 Loaded shared library C:\Users\User\.vscode\extensions\redhat.java-1.53.0-win32-x64\jre\21.0.10-win32-x86_64\bin\instrument.dll
Event: 0.102 Loaded shared library C:\Users\User\.vscode\extensions\redhat.java-1.53.0-win32-x64\jre\21.0.10-win32-x86_64\bin\net.dll
Event: 0.104 Loaded shared library C:\Users\User\.vscode\extensions\redhat.java-1.53.0-win32-x64\jre\21.0.10-win32-x86_64\bin\nio.dll
Event: 0.107 Loaded shared library C:\Users\User\.vscode\extensions\redhat.java-1.53.0-win32-x64\jre\21.0.10-win32-x86_64\bin\zip.dll
Event: 0.124 Loaded shared library C:\Users\User\.vscode\extensions\redhat.java-1.53.0-win32-x64\jre\21.0.10-win32-x86_64\bin\jimage.dll
Event: 0.245 Loaded shared library c:\Users\User\.vscode\extensions\redhat.java-1.53.0-win32-x64\jre\21.0.10-win32-x86_64\bin\verify.dll

Deoptimization events (20 events):
Event: 0.427 Thread 0x000001ef8b76aba0 DEOPT PACKING pc=0x000001ef987803b4 sp=0x000000045aefebf0
Event: 0.427 Thread 0x000001ef8b76aba0 DEOPT UNPACKING pc=0x000001ef98226da2 sp=0x000000045aefeb50 mode 2
Event: 0.431 Thread 0x000001ef8b76aba0 DEOPT PACKING pc=0x000001ef90ce6418 sp=0x000000045aefc8a0
Event: 0.431 Thread 0x000001ef8b76aba0 DEOPT UNPACKING pc=0x000001ef982278e2 sp=0x000000045aefbd60 mode 0
Event: 0.436 Thread 0x000001ef8b76aba0 DEOPT PACKING pc=0x000001ef90ce6418 sp=0x000000045aefc3d0
Event: 0.436 Thread 0x000001ef8b76aba0 DEOPT UNPACKING pc=0x000001ef982278e2 sp=0x000000045aefb890 mode 0
Event: 0.438 Thread 0x000001ef8b76aba0 DEOPT PACKING pc=0x000001ef90ce6418 sp=0x000000045aefa8c0
Event: 0.438 Thread 0x000001ef8b76aba0 DEOPT UNPACKING pc=0x000001ef982278e2 sp=0x000000045aef9d80 mode 0
Event: 0.442 Thread 0x000001ef8b76aba0 DEOPT PACKING pc=0x000001ef90ce6418 sp=0x000000045aefa520
Event: 0.442 Thread 0x000001ef8b76aba0 DEOPT UNPACKING pc=0x000001ef982278e2 sp=0x000000045aef99e0 mode 0
Event: 0.443 Thread 0x000001ef8b76aba0 DEOPT PACKING pc=0x000001ef90ce6418 sp=0x000000045aefae40
Event: 0.443 Thread 0x000001ef8b76aba0 DEOPT UNPACKING pc=0x000001ef982278e2 sp=0x000000045aefa300 mode 0
Event: 0.539 Thread 0x000001ef8b76aba0 Uncommon trap: trap_request=0xffffff45 fr.pc=0x000001ef9879ff6c relative=0x000000000000014c
Event: 0.539 Thread 0x000001ef8b76aba0 Uncommon trap: reason=unstable_if action=reinterpret pc=0x000001ef9879ff6c method=jdk.internal.util.ArraysSupport.vectorizedHashCode(Ljava/lang/Object;IIII)I @ 2 c2
Event: 0.540 Thread 0x000001ef8b76aba0 DEOPT PACKING pc=0x000001ef9879ff6c sp=0x000000045aefcbc0
Event: 0.540 Thread 0x000001ef8b76aba0 DEOPT UNPACKING pc=0x000001ef98226da2 sp=0x000000045aefcb70 mode 2
Event: 0.571 Thread 0x000001ef8b76aba0 Uncommon trap: trap_request=0xffffff45 fr.pc=0x000001ef987912f4 relative=0x00000000000000d4
Event: 0.571 Thread 0x000001ef8b76aba0 Uncommon trap: reason=unstable_if action=reinterpret pc=0x000001ef987912f4 method=java.net.URI.match(CJJ)Z @ 45 c2
Event: 0.571 Thread 0x000001ef8b76aba0 DEOPT PACKING pc=0x000001ef987912f4 sp=0x000000045aefcd40
Event: 0.571 Thread 0x000001ef8b76aba0 DEOPT UNPACKING pc=0x000001ef98226da2 sp=0x000000045aefcca8 mode 2

Classes loaded (20 events):
Event: 0.581 Loading class java/util/regex/Pattern$NotBehind
Event: 0.581 Loading class java/util/regex/Pattern$NotBehind done
Event: 0.582 Loading class sun/security/util/AbstractAlgorithmConstraints$1
Event: 0.582 Loading class sun/security/util/AbstractAlgorithmConstraints$1 done
Event: 0.584 Loading class sun/security/util/DisabledAlgorithmConstraints$Constraints
Event: 0.584 Loading class sun/security/util/DisabledAlgorithmConstraints$Constraints done
Event: 0.584 Loading class sun/security/util/CurveDB
Event: 0.585 Loading class sun/security/util/CurveDB done
Event: 0.585 Loading class java/security/spec/ECFieldFp
Event: 0.585 Loading class java/security/spec/ECField
Event: 0.585 Loading class java/security/spec/ECField done
Event: 0.585 Loading class java/security/spec/ECFieldFp done
Event: 0.585 Loading class java/security/spec/EllipticCurve
Event: 0.585 Loading class java/security/spec/EllipticCurve done
Event: 0.585 Loading class java/security/spec/ECPoint
Event: 0.585 Loading class java/security/spec/ECPoint done
Event: 0.585 Loading class sun/security/util/NamedCurve
Event: 0.585 Loading class java/security/spec/ECParameterSpec
Event: 0.585 Loading class java/security/spec/ECParameterSpec done
Event: 0.585 Loading class sun/security/util/NamedCurve done

Classes unloaded (0 events):
No events

Classes redefined (0 events):
No events

Internal exceptions (12 events):
Event: 0.077 Thread 0x000001ef8b76aba0 Exception <a 'java/lang/NoSuchMethodError'{0x00000000d57a9958}: 'void java.lang.invoke.DirectMethodHandle$Holder.invokeStatic(java.lang.Object, java.lang.Object, java.lang.Object)'> (0x00000000d57a9958) 
thrown [s\src\hotspot\share\interpreter\linkResolver.cpp, line 773]
Event: 0.116 Thread 0x000001ef8b76aba0 Exception <a 'java/lang/NoSuchMethodError'{0x00000000d59137c0}: 'java.lang.Object java.lang.invoke.Invokers$Holder.invokeExact_MT(java.lang.Object, java.lang.Object, java.lang.Object, java.lang.Object, java.lang.Object)'> (0x00000000d59137c0) 
thrown [s\src\hotspot\share\interpreter\linkResolver.cpp, line 773]
Event: 0.157 Thread 0x000001ef8b76aba0 Exception <a 'java/lang/NoSuchMethodError'{0x00000000d59cc1f0}: 'int java.lang.invoke.DirectMethodHandle$Holder.invokeSpecial(java.lang.Object, java.lang.Object, java.lang.Object, int)'> (0x00000000d59cc1f0) 
thrown [s\src\hotspot\share\interpreter\linkResolver.cpp, line 773]
Event: 0.160 Thread 0x000001ef8b76aba0 Exception <a 'java/lang/NoSuchMethodError'{0x00000000d59debd8}: 'java.lang.Object java.lang.invoke.DirectMethodHandle$Holder.invokeStatic(java.lang.Object, java.lang.Object, java.lang.Object, java.lang.Object, int)'> (0x00000000d59debd8) 
thrown [s\src\hotspot\share\interpreter\linkResolver.cpp, line 773]
Event: 0.165 Thread 0x000001ef8b76aba0 Exception <a 'java/lang/NoSuchMethodError'{0x00000000d59ea018}: 'void java.lang.invoke.DelegatingMethodHandle$Holder.reinvoke_L(java.lang.Object, java.lang.Object, java.lang.Object, int, java.lang.Object)'> (0x00000000d59ea018) 
thrown [s\src\hotspot\share\interpreter\linkResolver.cpp, line 773]
Event: 0.168 Thread 0x000001ef8b76aba0 Exception <a 'java/lang/NoSuchMethodError'{0x00000000d59fa968}: 'int java.lang.invoke.DirectMethodHandle$Holder.invokeSpecial(java.lang.Object, java.lang.Object, java.lang.Object)'> (0x00000000d59fa968) 
thrown [s\src\hotspot\share\interpreter\linkResolver.cpp, line 773]
Event: 0.171 Thread 0x000001ef8b76aba0 Exception <a 'java/lang/NoSuchMethodError'{0x00000000d5a06628}: 'java.lang.Object java.lang.invoke.DirectMethodHandle$Holder.invokeStatic(java.lang.Object, java.lang.Object, int)'> (0x00000000d5a06628) 
thrown [s\src\hotspot\share\interpreter\linkResolver.cpp, line 773]
Event: 0.173 Thread 0x000001ef8b76aba0 Exception <a 'java/lang/NoSuchMethodError'{0x00000000d5a0af78}: 'void java.lang.invoke.DirectMethodHandle$Holder.invokeStatic(java.lang.Object, java.lang.Object, int, java.lang.Object)'> (0x00000000d5a0af78) 
thrown [s\src\hotspot\share\interpreter\linkResolver.cpp, line 773]
Event: 0.173 Thread 0x000001ef8b76aba0 Exception <a 'java/lang/NoSuchMethodError'{0x00000000d5a0eb08}: 'void java.lang.invoke.DirectMethodHandle$Holder.invokeSpecial(java.lang.Object, java.lang.Object, java.lang.Object, int, java.lang.Object)'> (0x00000000d5a0eb08) 
thrown [s\src\hotspot\share\interpreter\linkResolver.cpp, line 773]
Event: 0.174 Thread 0x000001ef8b76aba0 Exception <a 'java/lang/NoSuchMethodError'{0x00000000d5a11f78}: 'void java.lang.invoke.DelegatingMethodHandle$Holder.delegate(java.lang.Object, java.lang.Object, int, java.lang.Object)'> (0x00000000d5a11f78) 
thrown [s\src\hotspot\share\interpreter\linkResolver.cpp, line 773]
Event: 0.318 Thread 0x000001ef8b76aba0 Exception <a 'java/lang/NoSuchMethodError'{0x00000000d5bd3298}: 'void java.lang.invoke.DelegatingMethodHandle$Holder.reinvoke_L(java.lang.Object, java.lang.Object, java.lang.Object, int)'> (0x00000000d5bd3298) 
thrown [s\src\hotspot\share\interpreter\linkResolver.cpp, line 773]
Event: 0.528 Thread 0x000001ef8b76aba0 Exception <a 'java/lang/NoSuchMethodError'{0x00000000d605fe28}: 'void java.lang.invoke.DirectMethodHandle$Holder.invokeVirtual(java.lang.Object, java.lang.Object)'> (0x00000000d605fe28) 
thrown [s\src\hotspot\share\interpreter\linkResolver.cpp, line 773]

ZGC Phase Switch (0 events):
No events

VM Operations (4 events):
Event: 0.079 Executing non-safepoint VM operation: HandshakeAllThreads (Deoptimize)
Event: 0.079 Executing non-safepoint VM operation: HandshakeAllThreads (Deoptimize) done
Event: 0.137 Executing non-safepoint VM operation: HandshakeAllThreads (Deoptimize)
Event: 0.137 Executing non-safepoint VM operation: HandshakeAllThreads (Deoptimize) done

Memory protections (0 events):
No events

Nmethod flushes (0 events):
No events

Events (12 events):
Event: 0.028 Thread 0x000001ef8b76aba0 Thread added: 0x000001ef8b76aba0
Event: 0.048 Thread 0x000001ef8b76aba0 Thread added: 0x000001ef8da044f0
Event: 0.048 Thread 0x000001ef8b76aba0 Thread added: 0x000001ef8da05e00
Event: 0.048 Thread 0x000001ef8b76aba0 Thread added: 0x000001ef8da06d20
Event: 0.048 Thread 0x000001ef8b76aba0 Thread added: 0x000001ef8da07c40
Event: 0.048 Thread 0x000001ef8b76aba0 Thread added: 0x000001ef8da08b60
Event: 0.048 Thread 0x000001ef8b76aba0 Thread added: 0x000001ef8da0e5f0
Event: 0.048 Thread 0x000001ef8b76aba0 Thread added: 0x000001ef8da0f430
Event: 0.055 Thread 0x000001ef8b76aba0 Thread added: 0x000001efeb036eb0
Event: 0.089 Thread 0x000001efeb036eb0 Thread added: 0x000001efeb1c8dd0
Event: 0.099 Thread 0x000001ef8b76aba0 Thread added: 0x000001efeb1db120
Event: 0.421 Thread 0x000001ef8b76aba0 Thread added: 0x000001efeb2f20c0


Dynamic libraries:
0x00007ff769cf0000 - 0x00007ff769cfe000 	c:\Users\User\.vscode\extensions\redhat.java-1.53.0-win32-x64\jre\21.0.10-win32-x86_64\bin\java.exe
0x00007ff857330000 - 0x00007ff857528000 	C:\Windows\SYSTEM32\ntdll.dll
0x00007ff855350000 - 0x00007ff855412000 	C:\Windows\System32\KERNEL32.DLL
0x00007ff854ef0000 - 0x00007ff8551e6000 	C:\Windows\System32\KERNELBASE.dll
0x00007ff854af0000 - 0x00007ff854bf0000 	C:\Windows\System32\ucrtbase.dll
0x00007ff84e590000 - 0x00007ff84e5a8000 	c:\Users\User\.vscode\extensions\redhat.java-1.53.0-win32-x64\jre\21.0.10-win32-x86_64\bin\jli.dll
0x00007ff84e570000 - 0x00007ff84e58e000 	c:\Users\User\.vscode\extensions\redhat.java-1.53.0-win32-x64\jre\21.0.10-win32-x86_64\bin\VCRUNTIME140.dll
0x00007ff8569b0000 - 0x00007ff856b51000 	C:\Windows\System32\USER32.dll
0x00007ff854d90000 - 0x00007ff854db2000 	C:\Windows\System32\win32u.dll
0x00007ff839090000 - 0x00007ff83932b000 	C:\Windows\WinSxS\amd64_microsoft.windows.common-controls_6595b64144ccf1df_6.0.19041.6456_none_60b8a6cb71f64256\COMCTL32.dll
0x00007ff855610000 - 0x00007ff85563b000 	C:\Windows\System32\GDI32.dll
0x00007ff855c30000 - 0x00007ff855cce000 	C:\Windows\System32\msvcrt.dll
0x00007ff854c70000 - 0x00007ff854d89000 	C:\Windows\System32\gdi32full.dll
0x00007ff854dc0000 - 0x00007ff854e5d000 	C:\Windows\System32\msvcp_win.dll
0x00007ff855c00000 - 0x00007ff855c2f000 	C:\Windows\System32\IMM32.DLL
0x00007ff84e560000 - 0x00007ff84e56c000 	c:\Users\User\.vscode\extensions\redhat.java-1.53.0-win32-x64\jre\21.0.10-win32-x86_64\bin\vcruntime140_1.dll
0x00007ffff07b0000 - 0x00007ffff083d000 	c:\Users\User\.vscode\extensions\redhat.java-1.53.0-win32-x64\jre\21.0.10-win32-x86_64\bin\msvcp140.dll
0x00007fffdef10000 - 0x00007fffdfcb1000 	c:\Users\User\.vscode\extensions\redhat.java-1.53.0-win32-x64\jre\21.0.10-win32-x86_64\bin\server\jvm.dll
0x00007ff855ae0000 - 0x00007ff855b91000 	C:\Windows\System32\ADVAPI32.dll
0x00007ff855d30000 - 0x00007ff855dcf000 	C:\Windows\System32\sechost.dll
0x00007ff855650000 - 0x00007ff855770000 	C:\Windows\System32\RPCRT4.dll
0x00007ff854c40000 - 0x00007ff854c67000 	C:\Windows\System32\bcrypt.dll
0x00007ff855e60000 - 0x00007ff855ecb000 	C:\Windows\System32\WS2_32.dll
0x00007ff853f50000 - 0x00007ff853f9b000 	C:\Windows\SYSTEM32\POWRPROF.dll
0x00007ff836480000 - 0x00007ff8364a7000 	C:\Windows\SYSTEM32\WINMM.dll
0x00007ff8439c0000 - 0x00007ff8439ca000 	C:\Windows\SYSTEM32\VERSION.dll
0x00007ff853dc0000 - 0x00007ff853dd2000 	C:\Windows\SYSTEM32\UMPDC.dll
0x00007ff8528a0000 - 0x00007ff8528b2000 	C:\Windows\SYSTEM32\kernel.appcore.dll
0x00007ff84e550000 - 0x00007ff84e55a000 	c:\Users\User\.vscode\extensions\redhat.java-1.53.0-win32-x64\jre\21.0.10-win32-x86_64\bin\jimage.dll
0x00007ff852500000 - 0x00007ff852701000 	C:\Windows\SYSTEM32\DBGHELP.DLL
0x00007ff834f10000 - 0x00007ff834f44000 	C:\Windows\SYSTEM32\dbgcore.DLL
0x00007ff854e60000 - 0x00007ff854ee2000 	C:\Windows\System32\bcryptPrimitives.dll
0x00007ff84e540000 - 0x00007ff84e54f000 	c:\Users\User\.vscode\extensions\redhat.java-1.53.0-win32-x64\jre\21.0.10-win32-x86_64\bin\instrument.dll
0x00007ff8349f0000 - 0x00007ff834a10000 	c:\Users\User\.vscode\extensions\redhat.java-1.53.0-win32-x64\jre\21.0.10-win32-x86_64\bin\java.dll
0x00007ff856b60000 - 0x00007ff8572d0000 	C:\Windows\System32\SHELL32.dll
0x00007ff852a30000 - 0x00007ff8531d5000 	C:\Windows\SYSTEM32\windows.storage.dll
0x00007ff855770000 - 0x00007ff855ac4000 	C:\Windows\System32\combase.dll
0x00007ff8543f0000 - 0x00007ff85441b000 	C:\Windows\SYSTEM32\Wldp.dll
0x00007ff856160000 - 0x00007ff85622d000 	C:\Windows\System32\OLEAUT32.dll
0x00007ff856230000 - 0x00007ff8562dd000 	C:\Windows\System32\SHCORE.dll
0x00007ff855ba0000 - 0x00007ff855bfb000 	C:\Windows\System32\shlwapi.dll
0x00007ff8548f0000 - 0x00007ff854914000 	C:\Windows\SYSTEM32\profapi.dll
0x00007ff8349d0000 - 0x00007ff8349e8000 	c:\Users\User\.vscode\extensions\redhat.java-1.53.0-win32-x64\jre\21.0.10-win32-x86_64\bin\zip.dll
0x00007ff838e20000 - 0x00007ff838e30000 	C:\Users\User\.vscode\extensions\redhat.java-1.53.0-win32-x64\jre\21.0.10-win32-x86_64\bin\net.dll
0x00007ff851040000 - 0x00007ff85114a000 	C:\Windows\SYSTEM32\WINHTTP.dll
0x00007ff854150000 - 0x00007ff8541ba000 	C:\Windows\system32\mswsock.dll
0x00007ff8349b0000 - 0x00007ff8349c6000 	C:\Users\User\.vscode\extensions\redhat.java-1.53.0-win32-x64\jre\21.0.10-win32-x86_64\bin\nio.dll
0x00007ff8388d0000 - 0x00007ff8388e0000 	c:\Users\User\.vscode\extensions\redhat.java-1.53.0-win32-x64\jre\21.0.10-win32-x86_64\bin\verify.dll

JVMTI agents:
c:\Users\User\.vscode\extensions\redhat.java-1.53.0-win32-x64\lombok\lombok-1.18.39-4050.jar path:c:\Users\User\.vscode\extensions\redhat.java-1.53.0-win32-x64\jre\21.0.10-win32-x86_64\bin\instrument.dll, loaded, initialized, instrumentlib options:none

dbghelp: loaded successfully - version: 4.0.5 - missing functions: none
symbol engine: initialized successfully - sym options: 0x614 - pdb path: .;c:\Users\User\.vscode\extensions\redhat.java-1.53.0-win32-x64\jre\21.0.10-win32-x86_64\bin;C:\Windows\SYSTEM32;C:\Windows\WinSxS\amd64_microsoft.windows.common-controls_6595b64144ccf1df_6.0.19041.6456_none_60b8a6cb71f64256;c:\Users\User\.vscode\extensions\redhat.java-1.53.0-win32-x64\jre\21.0.10-win32-x86_64\bin\server

VM Arguments:
jvm_args: --add-modules=ALL-SYSTEM --add-opens=java.base/java.util=ALL-UNNAMED --add-opens=java.base/java.lang=ALL-UNNAMED --add-opens=java.base/sun.nio.fs=ALL-UNNAMED -Declipse.application=org.eclipse.jdt.ls.core.id1 -Dosgi.bundles.defaultStartLevel=4 -Declipse.product=org.eclipse.jdt.ls.core.product -Djava.import.generatesMetadataFilesAtProjectRoot=false -DDetectVMInstallationsJob.disabled=true -Dfile.encoding=utf8 -XX:+UseParallelGC -XX:GCTimeRatio=4 -XX:AdaptiveSizePolicyWeight=90 -Dsun.zip.disableMemoryMapping=true -Xmx2G -Xms100m -Xlog:disable -javaagent:c:\Users\User\.vscode\extensions\redhat.java-1.53.0-win32-x64\lombok\lombok-1.18.39-4050.jar 
java_command: c:\Users\User\.vscode\extensions\redhat.java-1.53.0-win32-x64\server\plugins\org.eclipse.equinox.launcher_1.7.100.v20251111-0406.jar -configuration c:\Users\User\AppData\Roaming\Code\User\globalStorage\redhat.java\1.53.0\config_ss_win -data c:\Users\User\AppData\Roaming\Code\User\workspaceStorage\fb235d71aa36e6436ab2d765a633e9e8\redhat.java\ss_ws --pipe=\\.\pipe\lsp-abb49d20d05f9daf7c980b0eef1cc5bd-sock
java_class_path (initial): c:\Users\User\.vscode\extensions\redhat.java-1.53.0-win32-x64\server\plugins\org.eclipse.equinox.launcher_1.7.100.v20251111-0406.jar
Launcher Type: SUN_STANDARD

[Global flags]
    uintx AdaptiveSizePolicyWeight                 = 90                                        {product} {command line}
     intx CICompilerCount                          = 4                                         {product} {ergonomic}
    uintx GCTimeRatio                              = 4                                         {product} {command line}
   size_t InitialHeapSize                          = 104857600                                 {product} {command line}
   size_t MaxHeapSize                              = 2147483648                                {product} {command line}
   size_t MaxNewSize                               = 715653120                                 {product} {ergonomic}
   size_t MinHeapDeltaBytes                        = 524288                                    {product} {ergonomic}
   size_t MinHeapSize                              = 104857600                                 {product} {command line}
   size_t NewSize                                  = 34603008                                  {product} {ergonomic}
    uintx NonNMethodCodeHeapSize                   = 5839372                                {pd product} {ergonomic}
    uintx NonProfiledCodeHeapSize                  = 122909434                              {pd product} {ergonomic}
   size_t OldSize                                  = 70254592                                  {product} {ergonomic}
    uintx ProfiledCodeHeapSize                     = 122909434                              {pd product} {ergonomic}
    uintx ReservedCodeCacheSize                    = 251658240                              {pd product} {ergonomic}
     bool SegmentedCodeCache                       = true                                      {product} {ergonomic}
   size_t SoftMaxHeapSize                          = 2147483648                             {manageable} {ergonomic}
     bool UseCompressedOops                        = true                           {product lp64_product} {ergonomic}
     bool UseLargePagesIndividualAllocation        = false                                  {pd product} {ergonomic}
     bool UseParallelGC                            = true                                      {product} {command line}

Logging:
Log output configuration:
 #0: stdout all=off uptime,level,tags foldmultilines=false
 #1: stderr all=off uptime,level,tags foldmultilines=false

Release file:
JAVA_VERSION="21.0.10" 
MODULES="java.base java.compiler java.datatransfer java.xml java.prefs java.desktop java.instrument java.logging java.management java.security.sasl java.naming java.rmi java.management.rmi java.net.http java.scripting java.security.jgss java.transaction.xa java.sql java.sql.rowset java.xml.crypto java.se java.smartcardio jdk.accessibility jdk.internal.jvmstat jdk.attach jdk.charsets jdk.internal.opt jdk.zipfs jdk.compiler jdk.crypto.ec jdk.crypto.cryptoki jdk.crypto.mscapi jdk.dynalink jdk.internal.ed jdk.editpad jdk.hotspot.agent jdk.httpserver jdk.internal.le jdk.internal.vm.ci jdk.internal.vm.compiler jdk.internal.vm.compiler.management jdk.jartool jdk.javadoc jdk.jcmd jdk.management jdk.management.agent jdk.jconsole jdk.jdeps jdk.jdwp.agent jdk.jdi jdk.jfr jdk.jshell jdk.jsobject jdk.jstatd jdk.localedata jdk.management.jfr jdk.naming.dns jdk.naming.rmi jdk.net jdk.nio.mapmode jdk.random jdk.sctp jdk.security.auth jdk.security.jgss jdk.unsupported jdk.unsupported.desktop jdk.xml.dom" 

Environment Variables:
JAVA_HOME=D:\JavaJdk
PATH=C:\Users\User\AppData\Local\Programs\Microsoft VS Code;D:\Scripts;D:\;D:\orclDB\dbhomeXE\bin;C:\Program Files\Common Files\Oracle\Java\javapath;D:\Downloads\php-8.4.2-nts-Win32-vs17-x64;C:\Program Files (x86)\Common Files\Oracle\Java\javapath;C:\Windows\system32;C:\Windows;C:\Windows\System32\Wbem;C:\Windows\System32\WindowsPowerShell\v1.0\;C:\Windows\System32\OpenSSH\;C:\Program Files\Microsoft SQL Server\150\Tools\Binn\;C:\Program Files\Microsoft SQL Server\Client SDK\ODBC\170\Tools\Binn\;C:\Program Files (x86)\Microsoft SQL Server\150\Tools\Binn\;C:\Program Files\Microsoft SQL Server\150\DTS\Binn\;C:\Program Files\Azure Data Studio\bin;C:\Program Files\dotnet\;D:\Git\cmd;C:\Program Files (x86)\Microsoft SQL Server\160\DTS\Binn\;D:\Downloads\php-8.1.12-nts-Win32-vs16-x64;C:\ProgramData\Microsoft\Windows\Start Menu\Programs\XAMPP;D:\Downloads\php-8.4.2-nts-Win32-vs17-x64;D:\Downloads\php-8.3.15-nts-Win32-vs16-x64;D:\Downloads\php-8.3.15-nts-Win32-vs16-x64;D:\nvm;C:\nvm4w\nodejs;D:\Downloads\nvm;D:\Downloads\node;D:\Downloads\nvm;C:\Program Files\MySQL;C:\Program Files\MySQL\MySQL Server 8.0\bin;D:\JavaJdk\bin;D:\aws\;D:\gcloud\google-cloud-sdk\bin;D:\Git\mingw64\libexec\git-core;D:\composer;D:\composer;D:\composer;E:\composer;D:\Downloads\apache-maven-3.9.9\bin;C:\Users\User\AppData\Local\Programs\Python\Python312\;C:\Users\User\AppData\Local\Programs\Python\Python312\;C:\Users\User\AppData\Roaming\Microsoft\Windows\Start Menu\Programs\Python 3.11;C:\Users\User\AppData\Local\Programs\Python\Python311\;C:\Users\User\AppData\Local\Programs\Python\Python311\python.exe;C:\Users\User\AppData\Local\Programs\Python\Python311\Scripts\;C:\Users\User\AppData\Local\Programs\Python\Python311\;C:\Users\User\AppData\Local\Programs\Python\Launcher\;D:\orclDB\dbhomeXE\bin;C:\Program Files\Common Files\Oracle\Java\javapath;D:\VMware\bin\;D:\Downloads\php-8.4.2-nts-Win32-vs17-x64;C:\Program Files (x86)\Common Files\Oracle\Java\javapath;C:\Windows\system32;C:\Windows;C:\Windows\System32\Wbem;C:\Windows\System32\WindowsPowerShell\v1.0\;C:\Windows\System32\OpenSSH\;C:\Program Files\Microsoft SQL Server\150\Tools\Binn\;C:\Program Files\Microsoft SQL Server\Client SDK\ODBC\170\Tools\Binn\;C:\Program Files (x86)\Microsoft SQL Server\150\Tools\Binn\;C:\Program Files\Microsoft SQL Server\150\DTS\Binn\;C:\Program Files\Azure Data Studio\bin;C:\Program Files\dotnet\;D:\Git\cmd;C:\Program Files (x86)\Microsoft SQL Server\160\DTS\Binn\;D:\Downloads\php-8.1.12-nts-Win32-vs16-x64;C:\ProgramData\Microsoft\Windows\Start Menu\Programs\XAMPP;D:\Downloads\php-8.4.2-nts-Win32-vs17-x64;D:\Downloads\php-8.3.15-nts-Win32-vs16-x64;D:\Downloads\php-8.3.15-nts-Win32-vs16-x64;D:\nvm;C:\nvm4w\nodejs;D:\Downloads\nvm;D:\Downloads\node;D:\Downloads\nvm;C:\Program Files\MySQL;C:\Program;D:\gcloud\google-cloud-sdk\bin;C:\Users\User\AppData\Local\Programs\Microsoft VS Code\bin;C:\Users\User\AppData\Roaming\Composer\vendor\bin;D:\composer;C:\Users\User\AppData\Local\GitHubDesktop\bin;E:\Antigravity\bin
USERNAME=User
OS=Windows_NT
PROCESSOR_IDENTIFIER=Intel64 Family 6 Model 140 Stepping 1, GenuineIntel
TMP=C:\Users\User\AppData\Local\Temp
TEMP=C:\Users\User\AppData\Local\Temp




Periodic native trim disabled

---------------  S Y S T E M  ---------------

OS:
 Windows 10 , 64 bit Build 19041 (10.0.19041.5915)
OS uptime: 0 days 9:05 hours

CPU: total 8 (initial active 8) (4 cores per cpu, 2 threads per core) family 6 model 140 stepping 1 microcode 0x86, cx8, cmov, fxsr, ht, mmx, 3dnowpref, sse, sse2, sse3, ssse3, sse4.1, sse4.2, popcnt, lzcnt, tsc, tscinvbit, avx, avx2, aes, erms, clmul, bmi1, bmi2, adx, avx512f, avx512dq, avx512cd, avx512bw, avx512vl, sha, fma, vzeroupper, avx512_vpopcntdq, avx512_vpclmulqdq, avx512_vaes, avx512_vnni, clflush, clflushopt, clwb, avx512_vbmi2, avx512_vbmi, rdtscp, rdpid, fsrm, gfni, avx512_bitalg, f16c, pku, cet_ibt, cet_ss, avx512_ifma
Processor Information for the first 8 processors :
  Max Mhz: 2419, Current Mhz: 2419, Mhz Limit: 2419

Memory: 4k page, system-wide physical 7932M (1055M free)
TotalPageFile size 12549M (AvailPageFile size 21M)
current process WorkingSet (physical memory assigned to process): 62M, peak: 62M
current process commit charge ("private bytes"): 231M, peak: 231M

vm_info: OpenJDK 64-Bit Server VM (21.0.10+7-LTS) for windows-amd64 JRE (21.0.10+7-LTS), built on 2026-01-20T00:00:00Z by "admin" with MS VC++ 17.12 (VS2022)

END.
